Archive member included to satisfy reference by file (symbol)

c:/ac6/systemworkbench/plugins/fr.ac6.mcu.externaltools.arm-none.win32_1.17.0.201812190825/tools/compiler/bin/../lib/gcc/arm-none-eabi/7.3.1/thumb/v7e-m/fpv4-sp/hard\libgcc.a(_aeabi_uldivmod.o)
                              Drivers/STM32F4xx_HAL_Driver/Src/stm32f4xx_hal_rcc.o (__aeabi_uldivmod)
c:/ac6/systemworkbench/plugins/fr.ac6.mcu.externaltools.arm-none.win32_1.17.0.201812190825/tools/compiler/bin/../lib/gcc/arm-none-eabi/7.3.1/thumb/v7e-m/fpv4-sp/hard\libgcc.a(_udivmoddi4.o)
                              c:/ac6/systemworkbench/plugins/fr.ac6.mcu.externaltools.arm-none.win32_1.17.0.201812190825/tools/compiler/bin/../lib/gcc/arm-none-eabi/7.3.1/thumb/v7e-m/fpv4-sp/hard\libgcc.a(_aeabi_uldivmod.o) (__udivmoddi4)
c:/ac6/systemworkbench/plugins/fr.ac6.mcu.externaltools.arm-none.win32_1.17.0.201812190825/tools/compiler/bin/../lib/gcc/arm-none-eabi/7.3.1/thumb/v7e-m/fpv4-sp/hard\libgcc.a(_dvmd_tls.o)
                              c:/ac6/systemworkbench/plugins/fr.ac6.mcu.externaltools.arm-none.win32_1.17.0.201812190825/tools/compiler/bin/../lib/gcc/arm-none-eabi/7.3.1/thumb/v7e-m/fpv4-sp/hard\libgcc.a(_aeabi_uldivmod.o) (__aeabi_ldiv0)
c:/ac6/systemworkbench/plugins/fr.ac6.mcu.externaltools.arm-none.win32_1.17.0.201812190825/tools/compiler/bin/../lib/gcc/arm-none-eabi/7.3.1/../../../../arm-none-eabi/lib/thumb/v7e-m/fpv4-sp/hard\libc_nano.a(lib_a-errno.o)
                              Src/syscalls.o (__errno)
c:/ac6/systemworkbench/plugins/fr.ac6.mcu.externaltools.arm-none.win32_1.17.0.201812190825/tools/compiler/bin/../lib/gcc/arm-none-eabi/7.3.1/../../../../arm-none-eabi/lib/thumb/v7e-m/fpv4-sp/hard\libc_nano.a(lib_a-exit.o)
                              c:/ac6/systemworkbench/plugins/fr.ac6.mcu.externaltools.arm-none.win32_1.17.0.201812190825/tools/compiler/bin/../lib/gcc/arm-none-eabi/7.3.1/../../../../arm-none-eabi/lib/thumb/v7e-m/fpv4-sp/hard/crt0.o (exit)
c:/ac6/systemworkbench/plugins/fr.ac6.mcu.externaltools.arm-none.win32_1.17.0.201812190825/tools/compiler/bin/../lib/gcc/arm-none-eabi/7.3.1/../../../../arm-none-eabi/lib/thumb/v7e-m/fpv4-sp/hard\libc_nano.a(lib_a-impure.o)
                              c:/ac6/systemworkbench/plugins/fr.ac6.mcu.externaltools.arm-none.win32_1.17.0.201812190825/tools/compiler/bin/../lib/gcc/arm-none-eabi/7.3.1/../../../../arm-none-eabi/lib/thumb/v7e-m/fpv4-sp/hard\libc_nano.a(lib_a-exit.o) (_global_impure_ptr)
c:/ac6/systemworkbench/plugins/fr.ac6.mcu.externaltools.arm-none.win32_1.17.0.201812190825/tools/compiler/bin/../lib/gcc/arm-none-eabi/7.3.1/../../../../arm-none-eabi/lib/thumb/v7e-m/fpv4-sp/hard\libc_nano.a(lib_a-init.o)
                              c:/ac6/systemworkbench/plugins/fr.ac6.mcu.externaltools.arm-none.win32_1.17.0.201812190825/tools/compiler/bin/../lib/gcc/arm-none-eabi/7.3.1/../../../../arm-none-eabi/lib/thumb/v7e-m/fpv4-sp/hard/crt0.o (__libc_init_array)
c:/ac6/systemworkbench/plugins/fr.ac6.mcu.externaltools.arm-none.win32_1.17.0.201812190825/tools/compiler/bin/../lib/gcc/arm-none-eabi/7.3.1/../../../../arm-none-eabi/lib/thumb/v7e-m/fpv4-sp/hard\libc_nano.a(lib_a-malloc.o)
                              Middlewares/ST/STM32_USB_Host_Library/Class/CDC/Src/usbh_cdc.o (malloc)
c:/ac6/systemworkbench/plugins/fr.ac6.mcu.externaltools.arm-none.win32_1.17.0.201812190825/tools/compiler/bin/../lib/gcc/arm-none-eabi/7.3.1/../../../../arm-none-eabi/lib/thumb/v7e-m/fpv4-sp/hard\libc_nano.a(lib_a-memcpy-stub.o)
                              Src/main.o (memcpy)
c:/ac6/systemworkbench/plugins/fr.ac6.mcu.externaltools.arm-none.win32_1.17.0.201812190825/tools/compiler/bin/../lib/gcc/arm-none-eabi/7.3.1/../../../../arm-none-eabi/lib/thumb/v7e-m/fpv4-sp/hard\libc_nano.a(lib_a-memset.o)
                              c:/ac6/systemworkbench/plugins/fr.ac6.mcu.externaltools.arm-none.win32_1.17.0.201812190825/tools/compiler/bin/../lib/gcc/arm-none-eabi/7.3.1/../../../../arm-none-eabi/lib/thumb/v7e-m/fpv4-sp/hard/crt0.o (memset)
c:/ac6/systemworkbench/plugins/fr.ac6.mcu.externaltools.arm-none.win32_1.17.0.201812190825/tools/compiler/bin/../lib/gcc/arm-none-eabi/7.3.1/../../../../arm-none-eabi/lib/thumb/v7e-m/fpv4-sp/hard\libc_nano.a(lib_a-nano-freer.o)
                              c:/ac6/systemworkbench/plugins/fr.ac6.mcu.externaltools.arm-none.win32_1.17.0.201812190825/tools/compiler/bin/../lib/gcc/arm-none-eabi/7.3.1/../../../../arm-none-eabi/lib/thumb/v7e-m/fpv4-sp/hard\libc_nano.a(lib_a-malloc.o) (_free_r)
c:/ac6/systemworkbench/plugins/fr.ac6.mcu.externaltools.arm-none.win32_1.17.0.201812190825/tools/compiler/bin/../lib/gcc/arm-none-eabi/7.3.1/../../../../arm-none-eabi/lib/thumb/v7e-m/fpv4-sp/hard\libc_nano.a(lib_a-nano-mallocr.o)
                              c:/ac6/systemworkbench/plugins/fr.ac6.mcu.externaltools.arm-none.win32_1.17.0.201812190825/tools/compiler/bin/../lib/gcc/arm-none-eabi/7.3.1/../../../../arm-none-eabi/lib/thumb/v7e-m/fpv4-sp/hard\libc_nano.a(lib_a-malloc.o) (_malloc_r)
[...]
Memory Configuration

Name             Origin             Length             Attributes
RAM              0x20000000         0x00020000         xrw
CCMRAM           0x10000000         0x00010000         xrw
FLASH            0x08000000         0x00100000         xr
*default*        0x00000000         0xffffffff

Linker script and memory map

LOAD c:/ac6/systemworkbench/plugins/fr.ac6.mcu.externaltools.arm-none.win32_1.17.0.201812190825/tools/compiler/bin/../lib/gcc/arm-none-eabi/7.3.1/thumb/v7e-m/fpv4-sp/hard/crti.o
LOAD c:/ac6/systemworkbench/plugins/fr.ac6.mcu.externaltools.arm-none.win32_1.17.0.201812190825/tools/compiler/bin/../lib/gcc/arm-none-eabi/7.3.1/thumb/v7e-m/fpv4-sp/hard/crtbegin.o
LOAD c:/ac6/systemworkbench/plugins/fr.ac6.mcu.externaltools.arm-none.win32_1.17.0.201812190825/tools/compiler/bin/../lib/gcc/arm-none-eabi/7.3.1/../../../../arm-none-eabi/lib/thumb/v7e-m/fpv4-sp/hard/crt0.o
LOAD Drivers/STM32F4xx_HAL_Driver/Src/stm32f4xx_hal.o
LOAD Drivers/STM32F4xx_HAL_Driver/Src/stm32f4xx_hal_adc.o
LOAD Drivers/STM32F4xx_HAL_Driver/Src/stm32f4xx_hal_adc_ex.o
LOAD Drivers/STM32F4xx_HAL_Driver/Src/stm32f4xx_hal_cortex.o
LOAD Drivers/STM32F4xx_HAL_Driver/Src/stm32f4xx_hal_dac.o
LOAD Drivers/STM32F4xx_HAL_Driver/Src/stm32f4xx_hal_dac_ex.o
LOAD Drivers/STM32F4xx_HAL_Driver/Src/stm32f4xx_hal_dma.o
LOAD Drivers/STM32F4xx_HAL_Driver/Src/stm32f4xx_hal_dma_ex.o
LOAD Drivers/STM32F4xx_HAL_Driver/Src/stm32f4xx_hal_exti.o
LOAD Drivers/STM32F4xx_HAL_Driver/Src/stm32f4xx_hal_flash.o
LOAD Drivers/STM32F4xx_HAL_Driver/Src/stm32f4xx_hal_flash_ex.o
LOAD Drivers/STM32F4xx_HAL_Driver/Src/stm32f4xx_hal_flash_ramfunc.o
LOAD Drivers/STM32F4xx_HAL_Driver/Src/stm32f4xx_hal_gpio.o
LOAD Drivers/STM32F4xx_HAL_Driver/Src/stm32f4xx_hal_hcd.o
LOAD Drivers/STM32F4xx_HAL_Driver/Src/stm32f4xx_hal_i2c.o
LOAD Drivers/STM32F4xx_HAL_Driver/Src/stm32f4xx_hal_i2c_ex.o
LOAD Drivers/STM32F4xx_HAL_Driver/Src/stm32f4xx_hal_i2s.o
LOAD Drivers/STM32F4xx_HAL_Driver/Src/stm32f4xx_hal_i2s_ex.o
LOAD Drivers/STM32F4xx_HAL_Driver/Src/stm32f4xx_hal_pwr.o
LOAD Drivers/STM32F4xx_HAL_Driver/Src/stm32f4xx_hal_pwr_ex.o
LOAD Drivers/STM32F4xx_HAL_Driver/Src/stm32f4xx_hal_rcc.o
LOAD Drivers/STM32F4xx_HAL_Driver/Src/stm32f4xx_hal_rcc_ex.o
LOAD Drivers/STM32F4xx_HAL_Driver/Src/stm32f4xx_hal_spi.o
LOAD Drivers/STM32F4xx_HAL_Driver/Src/stm32f4xx_hal_tim.o
LOAD Drivers/STM32F4xx_HAL_Driver/Src/stm32f4xx_hal_tim_ex.o
LOAD Drivers/STM32F4xx_HAL_Driver/Src/stm32f4xx_hal_uart.o
LOAD Drivers/STM32F4xx_HAL_Driver/Src/stm32f4xx_ll_usb.o
LOAD Middlewares/ST/STM32_USB_Host_Library/Class/CDC/Src/usbh_cdc.o
LOAD Middlewares/ST/STM32_USB_Host_Library/Core/Src/usbh_core.o
LOAD Middlewares/ST/STM32_USB_Host_Library/Core/Src/usbh_ctlreq.o
LOAD Middlewares/ST/STM32_USB_Host_Library/Core/Src/usbh_ioreq.o
LOAD Middlewares/ST/STM32_USB_Host_Library/Core/Src/usbh_pipes.o
LOAD Src/adc.o
LOAD Src/dac.o
LOAD Src/dma.o
LOAD Src/gpio.o
LOAD Src/i2c.o
LOAD Src/i2s.o
LOAD Src/main.o
LOAD Src/spi.o
LOAD Src/stm32f4xx_hal_msp.o
LOAD Src/stm32f4xx_it.o
LOAD Src/syscalls.o
LOAD Src/system_stm32f4xx.o
LOAD Src/tim.o
LOAD Src/usart.o
LOAD Src/usb_host.o
LOAD Src/usbh_conf.o
LOAD Src/usbh_platform.o
LOAD Src/audio/MY_CS43L22.o
LOAD startup/startup_stm32f407xx.o
LOAD c:/ac6/systemworkbench/plugins/fr.ac6.mcu.externaltools.arm-none.win32_1.17.0.201812190825/tools/compiler/bin/../lib/gcc/arm-none-eabi/7.3.1/../../../../arm-none-eabi/lib/thumb/v7e-m/fpv4-sp/hard\libm.a
START GROUP
LOAD c:/ac6/systemworkbench/plugins/fr.ac6.mcu.externaltools.arm-none.win32_1.17.0.201812190825/tools/compiler/bin/../lib/gcc/arm-none-eabi/7.3.1/thumb/v7e-m/fpv4-sp/hard\libgcc.a
LOAD c:/ac6/systemworkbench/plugins/fr.ac6.mcu.externaltools.arm-none.win32_1.17.0.201812190825/tools/compiler/bin/../lib/gcc/arm-none-eabi/7.3.1/../../../../arm-none-eabi/lib/thumb/v7e-m/fpv4-sp/hard\libc_nano.a
END GROUP
START GROUP
LOAD c:/ac6/systemworkbench/plugins/fr.ac6.mcu.externaltools.arm-none.win32_1.17.0.201812190825/tools/compiler/bin/../lib/gcc/arm-none-eabi/7.3.1/thumb/v7e-m/fpv4-sp/hard\libgcc.a
LOAD c:/ac6/systemworkbench/plugins/fr.ac6.mcu.externaltools.arm-none.win32_1.17.0.201812190825/tools/compiler/bin/../lib/gcc/arm-none-eabi/7.3.1/../../../../arm-none-eabi/lib/thumb/v7e-m/fpv4-sp/hard\libc_nano.a
LOAD c:/ac6/systemworkbench/plugins/fr.ac6.mcu.externaltools.arm-none.win32_1.17.0.201812190825/tools/compiler/bin/../lib/gcc/arm-none-eabi/7.3.1/../../../../arm-none-eabi/lib/thumb/v7e-m/fpv4-sp/hard\libnosys.a
END GROUP
START GROUP
LOAD c:/ac6/systemworkbench/plugins/fr.ac6.mcu.externaltools.arm-none.win32_1.17.0.201812190825/tools/compiler/bin/../lib/gcc/arm-none-eabi/7.3.1/thumb/v7e-m/fpv4-sp/hard\libgcc.a
LOAD c:/ac6/systemworkbench/plugins/fr.ac6.mcu.externaltools.arm-none.win32_1.17.0.201812190825/tools/compiler/bin/../lib/gcc/arm-none-eabi/7.3.1/../../../../arm-none-eabi/lib/thumb/v7e-m/fpv4-sp/hard\libc_nano.a
LOAD c:/ac6/systemworkbench/plugins/fr.ac6.mcu.externaltools.arm-none.win32_1.17.0.201812190825/tools/compiler/bin/../lib/gcc/arm-none-eabi/7.3.1/../../../../arm-none-eabi/lib/thumb/v7e-m/fpv4-sp/hard\libnosys.a
END GROUP
LOAD c:/ac6/systemworkbench/plugins/fr.ac6.mcu.externaltools.arm-none.win32_1.17.0.201812190825/tools/compiler/bin/../lib/gcc/arm-none-eabi/7.3.1/thumb/v7e-m/fpv4-sp/hard/crtend.o
LOAD c:/ac6/systemworkbench/plugins/fr.ac6.mcu.externaltools.arm-none.win32_1.17.0.201812190825/tools/compiler/bin/../lib/gcc/arm-none-eabi/7.3.1/thumb/v7e-m/fpv4-sp/hard/crtn.o
                0x20020000                _estack = 0x20020000
                0x00000200                _Min_Heap_Size = 0x200
                0x00000400                _Min_Stack_Size = 0x400

.isr_vector     0x08000000      0x188
                0x08000000                . = ALIGN (0x4)
 *(.isr_vector)
 .isr_vector    0x08000000      0x188 startup/startup_stm32f407xx.o
                0x08000000                g_pfnVectors
                0x08000188                . = ALIGN (0x4)

.text           0x08000190     0x70d4
                0x08000190                . = ALIGN (0x4)
 *(.text)
 .text          0x08000190       0x40 c:/ac6/systemworkbench/plugins/fr.ac6.mcu.externaltools.arm-none.win32_1.17.0.201812190825/tools/compiler/bin/../lib/gcc/arm-none-eabi/7.3.1/thumb/v7e-m/fpv4-sp/hard/crtbegin.o
 .text          0x080001d0       0x30 c:/ac6/systemworkbench/plugins/fr.ac6.mcu.externaltools.arm-none.win32_1.17.0.201812190825/tools/compiler/bin/../lib/gcc/arm-none-eabi/7.3.1/thumb/v7e-m/fpv4-sp/hard\libgcc.a(_aeabi_uldivmod.o)
                0x080001d0                __aeabi_uldivmod
 .text          0x08000200      0x2cc c:/ac6/systemworkbench/plugins/fr.ac6.mcu.externaltools.arm-none.win32_1.17.0.201812190825/tools/compiler/bin/../lib/gcc/arm-none-eabi/7.3.1/thumb/v7e-m/fpv4-sp/hard\libgcc.a(_udivmoddi4.o)
                0x08000200                __udivmoddi4
 .text          0x080004cc        0x4 c:/ac6/systemworkbench/plugins/fr.ac6.mcu.externaltools.arm-none.win32_1.17.0.201812190825/tools/compiler/bin/../lib/gcc/arm-none-eabi/7.3.1/thumb/v7e-m/fpv4-sp/hard\libgcc.a(_dvmd_tls.o)
                0x080004cc                __aeabi_idiv0
                0x080004cc                __aeabi_ldiv0
 .text          0x080004d0       0x10 c:/ac6/systemworkbench/plugins/fr.ac6.mcu.externaltools.arm-none.win32_1.17.0.201812190825/tools/compiler/bin/../lib/gcc/arm-none-eabi/7.3.1/../../../../arm-none-eabi/lib/thumb/v7e-m/fpv4-sp/hard\libc_nano.a(lib_a-strlen.o)
                0x080004d0                strlen
 .text          0x080004e0       0xa0 c:/ac6/systemworkbench/plugins/fr.ac6.mcu.externaltools.arm-none.win32_1.17.0.201812190825/tools/compiler/bin/../lib/gcc/arm-none-eabi/7.3.1/../../../../arm-none-eabi/lib/thumb/v7e-m/fpv4-sp/hard\libc_nano.a(lib_a-memchr.o)
                0x080004e0                memchr
 *(.text*)
 .text.HAL_InitTick
                0x08000580       0x48 Drivers/STM32F4xx_HAL_Driver/Src/stm32f4xx_hal.o
                0x08000580                HAL_InitTick
 .text.HAL_Init
                0x080005c8       0x34 Drivers/STM32F4xx_HAL_Driver/Src/stm32f4xx_hal.o
                0x080005c8                HAL_Init
 .text.HAL_IncTick
                0x080005fc       0x18 Drivers/STM32F4xx_HAL_Driver/Src/stm32f4xx_hal.o
                0x080005fc                HAL_IncTick
 .text.HAL_GetTick
                0x08000614        0xc Drivers/STM32F4xx_HAL_Driver/Src/stm32f4xx_hal.o
                0x08000614                HAL_GetTick
 .text.HAL_Delay
                0x08000620       0x28 Drivers/STM32F4xx_HAL_Driver/Src/stm32f4xx_hal.o
                0x08000620                HAL_Delay
 .text.ADC_Init
                0x08000648      0x134 Drivers/STM32F4xx_HAL_Driver/Src/stm32f4xx_hal_adc.o
 .text.HAL_ADC_Init
                0x0800077c       0x56 Drivers/STM32F4xx_HAL_Driver/Src/stm32f4xx_hal_adc.o
                0x0800077c                HAL_ADC_Init
 *fill*         0x080007d2        0x2 
 .text.HAL_ADC_Start_DMA
                0x080007d4      0x180 Drivers/STM32F4xx_HAL_Driver/Src/stm32f4xx_hal_adc.o
                0x080007d4                HAL_ADC_Start_DMA
 .text.HAL_ADC_ConvCpltCallback
                0x08000954        0x2 Drivers/STM32F4xx_HAL_Driver/Src/stm32f4xx_hal_adc.o
                0x08000954                HAL_ADC_ConvCpltCallback
 .text.HAL_ADC_ConvHalfCpltCallback
                0x08000956        0x2 Drivers/STM32F4xx_HAL_Driver/Src/stm32f4xx_hal_adc.o
                0x08000956                HAL_ADC_ConvHalfCpltCallback
 .text.ADC_DMAHalfConvCplt
                0x08000958        0xa Drivers/STM32F4xx_HAL_Driver/Src/stm32f4xx_hal_adc.o
 .text.HAL_ADC_ErrorCallback
                0x08000962        0x2 Drivers/STM32F4xx_HAL_Driver/Src/stm32f4xx_hal_adc.o
                0x08000962                HAL_ADC_ErrorCallback
 .text.ADC_DMAError
                0x08000964       0x16 Drivers/STM32F4xx_HAL_Driver/Src/stm32f4xx_hal_adc.o
 .text.ADC_DMAConvCplt
                0x0800097a       0x72 Drivers/STM32F4xx_HAL_Driver/Src/stm32f4xx_hal_adc.o
 .text.HAL_ADC_ConfigChannel
                0x080009ec      0x190 Drivers/STM32F4xx_HAL_Driver/Src/stm32f4xx_hal_adc.o
                0x080009ec                HAL_ADC_ConfigChannel
 .text.HAL_NVIC_SetPriorityGrouping
                0x08000b7c       0x24 Drivers/STM32F4xx_HAL_Driver/Src/stm32f4xx_hal_cortex.o
                0x08000b7c                HAL_NVIC_SetPriorityGrouping
 .text.HAL_NVIC_SetPriority
                0x08000ba0       0x68 Drivers/STM32F4xx_HAL_Driver/Src/stm32f4xx_hal_cortex.o
                0x08000ba0                HAL_NVIC_SetPriority
 .text.HAL_NVIC_EnableIRQ
                0x08000c08       0x1c Drivers/STM32F4xx_HAL_Driver/Src/stm32f4xx_hal_cortex.o
                0x08000c08                HAL_NVIC_EnableIRQ
 .text.HAL_SYSTICK_Config
                0x08000c24       0x2c Drivers/STM32F4xx_HAL_Driver/Src/stm32f4xx_hal_cortex.o
                0x08000c24                HAL_SYSTICK_Config
 .text.HAL_DAC_Init
                0x08000c50       0x24 Drivers/STM32F4xx_HAL_Driver/Src/stm32f4xx_hal_dac.o
                0x08000c50                HAL_DAC_Init
 .text.HAL_DAC_Start
                0x08000c74       0x6e Drivers/STM32F4xx_HAL_Driver/Src/stm32f4xx_hal_dac.o
                0x08000c74                HAL_DAC_Start
 .text.HAL_DAC_ConfigChannel
                0x08000ce2       0x4a Drivers/STM32F4xx_HAL_Driver/Src/stm32f4xx_hal_dac.o
                0x08000ce2                HAL_DAC_ConfigChannel
 .text.HAL_DAC_SetValue
                0x08000d2c       0x2e Drivers/STM32F4xx_HAL_Driver/Src/stm32f4xx_hal_dac.o
                0x08000d2c                HAL_DAC_SetValue
 .text.DMA_SetConfig
                0x08000d5a       0x2c Drivers/STM32F4xx_HAL_Driver/Src/stm32f4xx_hal_dma.o
 *fill*         0x08000d86        0x2 
 .text.DMA_CalcBaseAndBitshift
                0x08000d88       0x3c Drivers/STM32F4xx_HAL_Driver/Src/stm32f4xx_hal_dma.o
 .text.DMA_CheckFifoParam
                0x08000dc4       0x8e Drivers/STM32F4xx_HAL_Driver/Src/stm32f4xx_hal_dma.o
 *fill*         0x08000e52        0x2 
 .text.HAL_DMA_Init
                0x08000e54       0xcc Drivers/STM32F4xx_HAL_Driver/Src/stm32f4xx_hal_dma.o
                0x08000e54                HAL_DMA_Init
 .text.HAL_DMA_Start_IT
                0x08000f20       0x6a Drivers/STM32F4xx_HAL_Driver/Src/stm32f4xx_hal_dma.o
                0x08000f20                HAL_DMA_Start_IT
 *fill*         0x08000f8a        0x2 
 .text.HAL_DMA_IRQHandler
                0x08000f8c      0x1dc Drivers/STM32F4xx_HAL_Driver/Src/stm32f4xx_hal_dma.o
                0x08000f8c                HAL_DMA_IRQHandler
 .text.HAL_GPIO_Init
                0x08001168      0x1c8 Drivers/STM32F4xx_HAL_Driver/Src/stm32f4xx_hal_gpio.o
                0x08001168                HAL_GPIO_Init
 .text.HAL_GPIO_WritePin
                0x08001330        0xc Drivers/STM32F4xx_HAL_Driver/Src/stm32f4xx_hal_gpio.o
                0x08001330                HAL_GPIO_WritePin
 .text.HCD_RXQLVL_IRQHandler
                0x0800133c       0x7c Drivers/STM32F4xx_HAL_Driver/Src/stm32f4xx_hal_hcd.o
 .text.HAL_HCD_HC_Init
                0x080013b8       0xa0 Drivers/STM32F4xx_HAL_Driver/Src/stm32f4xx_hal_hcd.o
                0x080013b8                HAL_HCD_HC_Init
 .text.HAL_HCD_HC_Halt
                0x08001458       0x24 Drivers/STM32F4xx_HAL_Driver/Src/stm32f4xx_hal_hcd.o
                0x08001458                HAL_HCD_HC_Halt
 .text.HAL_HCD_Init
                0x0800147c       0x94 Drivers/STM32F4xx_HAL_Driver/Src/stm32f4xx_hal_hcd.o
                0x0800147c                HAL_HCD_Init
 .text.HAL_HCD_HC_SubmitRequest
                0x08001510      0x196 Drivers/STM32F4xx_HAL_Driver/Src/stm32f4xx_hal_hcd.o
                0x08001510                HAL_HCD_HC_SubmitRequest
 .text.HCD_Port_IRQHandler
                0x080016a6       0xb0 Drivers/STM32F4xx_HAL_Driver/Src/stm32f4xx_hal_hcd.o
 .text.HCD_HC_IN_IRQHandler
                0x08001756      0x32c Drivers/STM32F4xx_HAL_Driver/Src/stm32f4xx_hal_hcd.o
 .text.HCD_HC_OUT_IRQHandler
                0x08001a82      0x2b4 Drivers/STM32F4xx_HAL_Driver/Src/stm32f4xx_hal_hcd.o
 .text.HAL_HCD_IRQHandler
                0x08001d36      0x146 Drivers/STM32F4xx_HAL_Driver/Src/stm32f4xx_hal_hcd.o
                0x08001d36                HAL_HCD_IRQHandler
 .text.HAL_HCD_Start
                0x08001e7c       0x2c Drivers/STM32F4xx_HAL_Driver/Src/stm32f4xx_hal_hcd.o
                0x08001e7c                HAL_HCD_Start
 .text.HAL_HCD_Stop
                0x08001ea8       0x24 Drivers/STM32F4xx_HAL_Driver/Src/stm32f4xx_hal_hcd.o
                0x08001ea8                HAL_HCD_Stop
 .text.HAL_HCD_ResetPort
                0x08001ecc        0xa Drivers/STM32F4xx_HAL_Driver/Src/stm32f4xx_hal_hcd.o
                0x08001ecc                HAL_HCD_ResetPort
 .text.HAL_HCD_HC_GetURBState
                0x08001ed6        0xe Drivers/STM32F4xx_HAL_Driver/Src/stm32f4xx_hal_hcd.o
                0x08001ed6                HAL_HCD_HC_GetURBState
 .text.HAL_HCD_HC_GetXferCount
                0x08001ee4        0xc Drivers/STM32F4xx_HAL_Driver/Src/stm32f4xx_hal_hcd.o
                0x08001ee4                HAL_HCD_HC_GetXferCount
 .text.HAL_HCD_GetCurrentFrame
                0x08001ef0        0xa Drivers/STM32F4xx_HAL_Driver/Src/stm32f4xx_hal_hcd.o
                0x08001ef0                HAL_HCD_GetCurrentFrame
 .text.HAL_HCD_GetCurrentSpeed
                0x08001efa        0xa Drivers/STM32F4xx_HAL_Driver/Src/stm32f4xx_hal_hcd.o
                0x08001efa                HAL_HCD_GetCurrentSpeed
 .text.I2C_IsAcknowledgeFailed
                0x08001f04       0x32 Drivers/STM32F4xx_HAL_Driver/Src/stm32f4xx_hal_i2c.o
 .text.I2C_WaitOnFlagUntilTimeout
                0x08001f36       0x70 Drivers/STM32F4xx_HAL_Driver/Src/stm32f4xx_hal_i2c.o
 .text.I2C_WaitOnMasterAddressFlagUntilTimeout
                0x08001fa6       0xa4 Drivers/STM32F4xx_HAL_Driver/Src/stm32f4xx_hal_i2c.o
 *fill*         0x0800204a        0x2 
 .text.I2C_MasterRequestWrite
                0x0800204c       0xbc Drivers/STM32F4xx_HAL_Driver/Src/stm32f4xx_hal_i2c.o
 .text.I2C_MasterRequestRead
                0x08002108      0x128 Drivers/STM32F4xx_HAL_Driver/Src/stm32f4xx_hal_i2c.o
 .text.I2C_WaitOnTXEFlagUntilTimeout
                0x08002230       0x54 Drivers/STM32F4xx_HAL_Driver/Src/stm32f4xx_hal_i2c.o
 .text.I2C_WaitOnBTFFlagUntilTimeout
                0x08002284       0x54 Drivers/STM32F4xx_HAL_Driver/Src/stm32f4xx_hal_i2c.o
 .text.I2C_WaitOnRXNEFlagUntilTimeout
                0x080022d8       0x6a Drivers/STM32F4xx_HAL_Driver/Src/stm32f4xx_hal_i2c.o
 *fill*         0x08002342        0x2 
 .text.HAL_I2C_Init
                0x08002344      0x1b4 Drivers/STM32F4xx_HAL_Driver/Src/stm32f4xx_hal_i2c.o
                0x08002344                HAL_I2C_Init
 .text.HAL_I2C_Master_Transmit
                0x080024f8      0x174 Drivers/STM32F4xx_HAL_Driver/Src/stm32f4xx_hal_i2c.o
                0x080024f8                HAL_I2C_Master_Transmit
 .text.HAL_I2C_Master_Receive
                0x0800266c      0x2d0 Drivers/STM32F4xx_HAL_Driver/Src/stm32f4xx_hal_i2c.o
                0x0800266c                HAL_I2C_Master_Receive
 .text.HAL_I2S_Init
                0x0800293c      0x19c Drivers/STM32F4xx_HAL_Driver/Src/stm32f4xx_hal_i2s.o
                0x0800293c                HAL_I2S_Init
 .text.HAL_I2S_Transmit_DMA
                0x08002ad8       0xdc Drivers/STM32F4xx_HAL_Driver/Src/stm32f4xx_hal_i2s.o
                0x08002ad8                HAL_I2S_Transmit_DMA
 .text.HAL_I2S_TxHalfCpltCallback
                0x08002bb4        0x2 Drivers/STM32F4xx_HAL_Driver/Src/stm32f4xx_hal_i2s.o
                0x08002bb4                HAL_I2S_TxHalfCpltCallback
 .text.I2S_DMATxHalfCplt
                0x08002bb6        0xa Drivers/STM32F4xx_HAL_Driver/Src/stm32f4xx_hal_i2s.o
 .text.HAL_I2S_TxCpltCallback
                0x08002bc0        0x2 Drivers/STM32F4xx_HAL_Driver/Src/stm32f4xx_hal_i2s.o
                0x08002bc0                HAL_I2S_TxCpltCallback
 .text.I2S_Transmit_IT
                0x08002bc2       0x36 Drivers/STM32F4xx_HAL_Driver/Src/stm32f4xx_hal_i2s.o
 .text.I2S_DMATxCplt
                0x08002bf8       0x24 Drivers/STM32F4xx_HAL_Driver/Src/stm32f4xx_hal_i2s.o
 .text.HAL_I2S_RxCpltCallback
                0x08002c1c        0x2 Drivers/STM32F4xx_HAL_Driver/Src/stm32f4xx_hal_i2s.o
                0x08002c1c                HAL_I2S_RxCpltCallback
 .text.I2S_Receive_IT
                0x08002c1e       0x36 Drivers/STM32F4xx_HAL_Driver/Src/stm32f4xx_hal_i2s.o
 .text.HAL_I2S_ErrorCallback
                0x08002c54        0x2 Drivers/STM32F4xx_HAL_Driver/Src/stm32f4xx_hal_i2s.o
                0x08002c54                HAL_I2S_ErrorCallback
 .text.I2S_IRQHandler
                0x08002c56       0xd0 Drivers/STM32F4xx_HAL_Driver/Src/stm32f4xx_hal_i2s.o
 .text.I2S_DMAError
                0x08002d26       0x28 Drivers/STM32F4xx_HAL_Driver/Src/stm32f4xx_hal_i2s.o
 .text.HAL_I2SEx_TxRxCpltCallback
                0x08002d4e        0x2 Drivers/STM32F4xx_HAL_Driver/Src/stm32f4xx_hal_i2s_ex.o
                0x08002d4e                HAL_I2SEx_TxRxCpltCallback
 .text.I2SEx_TxISR_I2S
                0x08002d50       0x3a Drivers/STM32F4xx_HAL_Driver/Src/stm32f4xx_hal_i2s_ex.o
 *fill*         0x08002d8a        0x2 
 .text.I2SEx_RxISR_I2SExt
                0x08002d8c       0x60 Drivers/STM32F4xx_HAL_Driver/Src/stm32f4xx_hal_i2s_ex.o
 .text.I2SEx_TxISR_I2SExt
                0x08002dec       0x60 Drivers/STM32F4xx_HAL_Driver/Src/stm32f4xx_hal_i2s_ex.o
 .text.I2SEx_RxISR_I2S
                0x08002e4c       0x3a Drivers/STM32F4xx_HAL_Driver/Src/stm32f4xx_hal_i2s_ex.o
 *fill*         0x08002e86        0x2 
 .text.HAL_I2SEx_FullDuplex_IRQHandler
                0x08002e88      0x1d8 Drivers/STM32F4xx_HAL_Driver/Src/stm32f4xx_hal_i2s_ex.o
                0x08002e88                HAL_I2SEx_FullDuplex_IRQHandler
 .text.HAL_RCC_OscConfig
                0x08003060      0x3ec Drivers/STM32F4xx_HAL_Driver/Src/stm32f4xx_hal_rcc.o
                0x08003060                HAL_RCC_OscConfig
 .text.HAL_RCC_GetSysClockFreq
                0x0800344c       0xd8 Drivers/STM32F4xx_HAL_Driver/Src/stm32f4xx_hal_rcc.o
                0x0800344c                HAL_RCC_GetSysClockFreq
 .text.HAL_RCC_ClockConfig
                0x08003524      0x160 Drivers/STM32F4xx_HAL_Driver/Src/stm32f4xx_hal_rcc.o
                0x08003524                HAL_RCC_ClockConfig
 .text.HAL_RCC_GetHCLKFreq
                0x08003684        0xc Drivers/STM32F4xx_HAL_Driver/Src/stm32f4xx_hal_rcc.o
                0x08003684                HAL_RCC_GetHCLKFreq
 .text.HAL_RCC_GetPCLK1Freq
                0x08003690       0x20 Drivers/STM32F4xx_HAL_Driver/Src/stm32f4xx_hal_rcc.o
                0x08003690                HAL_RCC_GetPCLK1Freq
 .text.HAL_RCC_GetPCLK2Freq
                0x080036b0       0x20 Drivers/STM32F4xx_HAL_Driver/Src/stm32f4xx_hal_rcc.o
                0x080036b0                HAL_RCC_GetPCLK2Freq
 .text.HAL_RCCEx_GetPeriphCLKFreq
                0x080036d0       0x74 Drivers/STM32F4xx_HAL_Driver/Src/stm32f4xx_hal_rcc_ex.o
                0x080036d0                HAL_RCCEx_GetPeriphCLKFreq
 .text.HAL_SPI_Init
                0x08003744       0x80 Drivers/STM32F4xx_HAL_Driver/Src/stm32f4xx_hal_spi.o
                0x08003744                HAL_SPI_Init
 .text.TIM_TI1_ConfigInputStage
                0x080037c4       0x26 Drivers/STM32F4xx_HAL_Driver/Src/stm32f4xx_hal_tim.o
 .text.TIM_TI2_ConfigInputStage
                0x080037ea       0x28 Drivers/STM32F4xx_HAL_Driver/Src/stm32f4xx_hal_tim.o
 .text.TIM_ITRx_SetConfig
                0x08003812       0x10 Drivers/STM32F4xx_HAL_Driver/Src/stm32f4xx_hal_tim.o
 *fill*         0x08003822        0x2 
 .text.TIM_Base_SetConfig
                0x08003824       0xc8 Drivers/STM32F4xx_HAL_Driver/Src/stm32f4xx_hal_tim.o
                0x08003824                TIM_Base_SetConfig
 .text.HAL_TIM_Base_Init
                0x080038ec       0x32 Drivers/STM32F4xx_HAL_Driver/Src/stm32f4xx_hal_tim.o
                0x080038ec                HAL_TIM_Base_Init
 .text.TIM_ETR_SetConfig
                0x0800391e       0x18 Drivers/STM32F4xx_HAL_Driver/Src/stm32f4xx_hal_tim.o
                0x0800391e                TIM_ETR_SetConfig
 .text.HAL_TIM_ConfigClockSource
                0x08003936       0xda Drivers/STM32F4xx_HAL_Driver/Src/stm32f4xx_hal_tim.o
                0x08003936                HAL_TIM_ConfigClockSource
 .text.HAL_TIMEx_MasterConfigSynchronization
                0x08003a10       0x88 Drivers/STM32F4xx_HAL_Driver/Src/stm32f4xx_hal_tim_ex.o
                0x08003a10                HAL_TIMEx_MasterConfigSynchronization
 .text.UART_SetConfig
                0x08003a98      0x218 Drivers/STM32F4xx_HAL_Driver/Src/stm32f4xx_hal_uart.o
 .text.UART_WaitOnFlagUntilTimeout
                0x08003cb0       0x62 Drivers/STM32F4xx_HAL_Driver/Src/stm32f4xx_hal_uart.o
 .text.HAL_UART_Init
                0x08003d12       0x5e Drivers/STM32F4xx_HAL_Driver/Src/stm32f4xx_hal_uart.o
                0x08003d12                HAL_UART_Init
 .text.HAL_UART_Transmit
                0x08003d70       0xe2 Drivers/STM32F4xx_HAL_Driver/Src/stm32f4xx_hal_uart.o
                0x08003d70                HAL_UART_Transmit
 .text.HAL_UART_Receive
                0x08003e52       0xe8 Drivers/STM32F4xx_HAL_Driver/Src/stm32f4xx_hal_uart.o
                0x08003e52                HAL_UART_Receive
 *fill*         0x08003f3a        0x2 
 .text.USB_CoreReset
                0x08003f3c       0x3c Drivers/STM32F4xx_HAL_Driver/Src/stm32f4xx_ll_usb.o
 .text.USB_CoreInit
                0x08003f78       0x8a Drivers/STM32F4xx_HAL_Driver/Src/stm32f4xx_ll_usb.o
                0x08003f78                USB_CoreInit
 .text.USB_EnableGlobalInt
                0x08004002        0xc Drivers/STM32F4xx_HAL_Driver/Src/stm32f4xx_ll_usb.o
                0x08004002                USB_EnableGlobalInt
 .text.USB_DisableGlobalInt
                0x0800400e        0xc Drivers/STM32F4xx_HAL_Driver/Src/stm32f4xx_ll_usb.o
                0x0800400e                USB_DisableGlobalInt
 .text.USB_SetCurrentMode
                0x0800401a       0x30 Drivers/STM32F4xx_HAL_Driver/Src/stm32f4xx_ll_usb.o
                0x0800401a                USB_SetCurrentMode
 *fill*         0x0800404a        0x2 
 .text.USB_FlushTxFifo
                0x0800404c       0x28 Drivers/STM32F4xx_HAL_Driver/Src/stm32f4xx_ll_usb.o
                0x0800404c                USB_FlushTxFifo
 .text.USB_FlushRxFifo
                0x08004074       0x24 Drivers/STM32F4xx_HAL_Driver/Src/stm32f4xx_ll_usb.o
                0x08004074                USB_FlushRxFifo
 .text.USB_WritePacket
                0x08004098       0x28 Drivers/STM32F4xx_HAL_Driver/Src/stm32f4xx_ll_usb.o
                0x08004098                USB_WritePacket
 .text.USB_ReadPacket
                0x080040c0       0x28 Drivers/STM32F4xx_HAL_Driver/Src/stm32f4xx_ll_usb.o
                0x080040c0                USB_ReadPacket
 .text.USB_ReadInterrupts
                0x080040e8        0x8 Drivers/STM32F4xx_HAL_Driver/Src/stm32f4xx_ll_usb.o
                0x080040e8                USB_ReadInterrupts
 .text.USB_GetMode
                0x080040f0        0x8 Drivers/STM32F4xx_HAL_Driver/Src/stm32f4xx_ll_usb.o
                0x080040f0                USB_GetMode
 .text.USB_InitFSLSPClkSel
                0x080040f8       0x40 Drivers/STM32F4xx_HAL_Driver/Src/stm32f4xx_ll_usb.o
                0x080040f8                USB_InitFSLSPClkSel
 .text.USB_ResetPort
                0x08004138       0x3e Drivers/STM32F4xx_HAL_Driver/Src/stm32f4xx_ll_usb.o
                0x08004138                USB_ResetPort
 .text.USB_DriveVbus
                0x08004176       0x46 Drivers/STM32F4xx_HAL_Driver/Src/stm32f4xx_ll_usb.o
                0x08004176                USB_DriveVbus
 .text.USB_HostInit
                0x080041bc       0xfc Drivers/STM32F4xx_HAL_Driver/Src/stm32f4xx_ll_usb.o
                0x080041bc                USB_HostInit
 .text.USB_GetHostSpeed
                0x080042b8       0x16 Drivers/STM32F4xx_HAL_Driver/Src/stm32f4xx_ll_usb.o
                0x080042b8                USB_GetHostSpeed
 .text.USB_GetCurrentFrame
                0x080042ce        0xa Drivers/STM32F4xx_HAL_Driver/Src/stm32f4xx_ll_usb.o
                0x080042ce                USB_GetCurrentFrame
 .text.USB_HC_Init
                0x080042d8      0x108 Drivers/STM32F4xx_HAL_Driver/Src/stm32f4xx_ll_usb.o
                0x080042d8                USB_HC_Init
 .text.USB_HC_ReadInterrupt
                0x080043e0        0xa Drivers/STM32F4xx_HAL_Driver/Src/stm32f4xx_ll_usb.o
                0x080043e0                USB_HC_ReadInterrupt
 .text.USB_HC_Halt
                0x080043ea       0xd0 Drivers/STM32F4xx_HAL_Driver/Src/stm32f4xx_ll_usb.o
                0x080043ea                USB_HC_Halt
 *fill*         0x080044ba        0x2 
 .text.USB_DoPing
                0x080044bc       0x24 Drivers/STM32F4xx_HAL_Driver/Src/stm32f4xx_ll_usb.o
                0x080044bc                USB_DoPing
 .text.USB_HC_StartXfer
                0x080044e0      0x158 Drivers/STM32F4xx_HAL_Driver/Src/stm32f4xx_ll_usb.o
                0x080044e0                USB_HC_StartXfer
 .text.USB_StopHost
                0x08004638       0x7e Drivers/STM32F4xx_HAL_Driver/Src/stm32f4xx_ll_usb.o
                0x08004638                USB_StopHost
 .text.USBH_CDC_SOFProcess
                0x080046b6        0x4 Middlewares/ST/STM32_USB_Host_Library/Class/CDC/Src/usbh_cdc.o
 .text.SetLineCoding
                0x080046ba       0x1a Middlewares/ST/STM32_USB_Host_Library/Class/CDC/Src/usbh_cdc.o
 .text.GetLineCoding
                0x080046d4       0x1a Middlewares/ST/STM32_USB_Host_Library/Class/CDC/Src/usbh_cdc.o
 .text.USBH_CDC_ClassRequest
                0x080046ee       0x22 Middlewares/ST/STM32_USB_Host_Library/Class/CDC/Src/usbh_cdc.o
 .text.USBH_CDC_InterfaceDeInit
                0x08004710       0x68 Middlewares/ST/STM32_USB_Host_Library/Class/CDC/Src/usbh_cdc.o
 .text.USBH_CDC_InterfaceInit
                0x08004778      0x17e Middlewares/ST/STM32_USB_Host_Library/Class/CDC/Src/usbh_cdc.o
 .text.USBH_CDC_TransmitCallback
                0x080048f6        0x2 Middlewares/ST/STM32_USB_Host_Library/Class/CDC/Src/usbh_cdc.o
                0x080048f6                USBH_CDC_TransmitCallback
 .text.CDC_ProcessTransmission
                0x080048f8       0x94 Middlewares/ST/STM32_USB_Host_Library/Class/CDC/Src/usbh_cdc.o
 .text.USBH_CDC_ReceiveCallback
                0x0800498c        0x2 Middlewares/ST/STM32_USB_Host_Library/Class/CDC/Src/usbh_cdc.o
                0x0800498c                USBH_CDC_ReceiveCallback
 .text.CDC_ProcessReception
                0x0800498e       0x68 Middlewares/ST/STM32_USB_Host_Library/Class/CDC/Src/usbh_cdc.o
 .text.USBH_CDC_LineCodingChanged
                0x080049f6        0x2 Middlewares/ST/STM32_USB_Host_Library/Class/CDC/Src/usbh_cdc.o
                0x080049f6                USBH_CDC_LineCodingChanged
 .text.USBH_CDC_Process
                0x080049f8       0xb8 Middlewares/ST/STM32_USB_Host_Library/Class/CDC/Src/usbh_cdc.o
 .text.DeInitStateMachine
                0x08004ab0       0x54 Middlewares/ST/STM32_USB_Host_Library/Core/Src/usbh_core.o
 .text.USBH_HandleSof
                0x08004b04       0x1a Middlewares/ST/STM32_USB_Host_Library/Core/Src/usbh_core.o
 .text.USBH_HandleEnum
                0x08004b1e      0x276 Middlewares/ST/STM32_USB_Host_Library/Core/Src/usbh_core.o
 .text.USBH_Init
                0x08004d94       0x3e Middlewares/ST/STM32_USB_Host_Library/Core/Src/usbh_core.o
                0x08004d94                USBH_Init
 .text.USBH_RegisterClass
                0x08004dd2       0x22 Middlewares/ST/STM32_USB_Host_Library/Core/Src/usbh_core.o
                0x08004dd2                USBH_RegisterClass
 .text.USBH_SelectInterface
                0x08004df4       0x14 Middlewares/ST/STM32_USB_Host_Library/Core/Src/usbh_core.o
                0x08004df4                USBH_SelectInterface
 .text.USBH_FindInterface
                0x08004e08       0x50 Middlewares/ST/STM32_USB_Host_Library/Core/Src/usbh_core.o
                0x08004e08                USBH_FindInterface
 .text.USBH_Start
                0x08004e58       0x14 Middlewares/ST/STM32_USB_Host_Library/Core/Src/usbh_core.o
                0x08004e58                USBH_Start
 .text.USBH_Process
                0x08004e6c      0x27e Middlewares/ST/STM32_USB_Host_Library/Core/Src/usbh_core.o
                0x08004e6c                USBH_Process
 .text.USBH_LL_SetTimer
                0x080050ea        0x6 Middlewares/ST/STM32_USB_Host_Library/Core/Src/usbh_core.o
                0x080050ea                USBH_LL_SetTimer
 .text.USBH_LL_IncTimer
                0x080050f0       0x12 Middlewares/ST/STM32_USB_Host_Library/Core/Src/usbh_core.o
                0x080050f0                USBH_LL_IncTimer
 .text.USBH_LL_PortEnabled
                0x08005102        0x8 Middlewares/ST/STM32_USB_Host_Library/Core/Src/usbh_core.o
                0x08005102                USBH_LL_PortEnabled
 .text.USBH_LL_PortDisabled
                0x0800510a        0x8 Middlewares/ST/STM32_USB_Host_Library/Core/Src/usbh_core.o
                0x0800510a                USBH_LL_PortDisabled
 .text.USBH_LL_Connect
                0x08005112       0x14 Middlewares/ST/STM32_USB_Host_Library/Core/Src/usbh_core.o
                0x08005112                USBH_LL_Connect
 .text.USBH_LL_Disconnect
                0x08005126       0x2c Middlewares/ST/STM32_USB_Host_Library/Core/Src/usbh_core.o
                0x08005126                USBH_LL_Disconnect
 .text.USBH_ParseDevDesc
                0x08005152       0x5c Middlewares/ST/STM32_USB_Host_Library/Core/Src/usbh_ctlreq.o
 .text.USBH_ParseInterfaceDesc
                0x080051ae       0x26 Middlewares/ST/STM32_USB_Host_Library/Core/Src/usbh_ctlreq.o
 .text.USBH_ParseEPDesc
                0x080051d4       0x20 Middlewares/ST/STM32_USB_Host_Library/Core/Src/usbh_ctlreq.o
 .text.USBH_ParseStringDesc
                0x080051f4       0x3c Middlewares/ST/STM32_USB_Host_Library/Core/Src/usbh_ctlreq.o
 .text.USBH_HandleControl
                0x08005230      0x1de Middlewares/ST/STM32_USB_Host_Library/Core/Src/usbh_ctlreq.o
 .text.USBH_GetNextDesc
                0x0800540e        0xe Middlewares/ST/STM32_USB_Host_Library/Core/Src/usbh_ctlreq.o
                0x0800540e                USBH_GetNextDesc
 .text.USBH_ParseCfgDesc
                0x0800541c       0xc2 Middlewares/ST/STM32_USB_Host_Library/Core/Src/usbh_ctlreq.o
 .text.USBH_CtlReq
                0x080054de       0x44 Middlewares/ST/STM32_USB_Host_Library/Core/Src/usbh_ctlreq.o
                0x080054de                USBH_CtlReq
 .text.USBH_GetDescriptor
                0x08005522       0x3c Middlewares/ST/STM32_USB_Host_Library/Core/Src/usbh_ctlreq.o
                0x08005522                USBH_GetDescriptor
 .text.USBH_Get_DevDesc
                0x0800555e       0x32 Middlewares/ST/STM32_USB_Host_Library/Core/Src/usbh_ctlreq.o
                0x0800555e                USBH_Get_DevDesc
 .text.USBH_Get_CfgDesc
                0x08005590       0x32 Middlewares/ST/STM32_USB_Host_Library/Core/Src/usbh_ctlreq.o
                0x08005590                USBH_Get_CfgDesc
 .text.USBH_Get_StringDesc
                0x080055c2       0x30 Middlewares/ST/STM32_USB_Host_Library/Core/Src/usbh_ctlreq.o
                0x080055c2                USBH_Get_StringDesc
 .text.USBH_SetAddress
                0x080055f2       0x22 Middlewares/ST/STM32_USB_Host_Library/Core/Src/usbh_ctlreq.o
                0x080055f2                USBH_SetAddress
 .text.USBH_SetCfg
                0x08005614       0x22 Middlewares/ST/STM32_USB_Host_Library/Core/Src/usbh_ctlreq.o
                0x08005614                USBH_SetCfg
 .text.USBH_SetFeature
                0x08005636       0x22 Middlewares/ST/STM32_USB_Host_Library/Core/Src/usbh_ctlreq.o
                0x08005636                USBH_SetFeature
 .text.USBH_ClrFeature
                0x08005658       0x24 Middlewares/ST/STM32_USB_Host_Library/Core/Src/usbh_ctlreq.o
                0x08005658                USBH_ClrFeature
 .text.USBH_CtlSendSetup
                0x0800567c       0x22 Middlewares/ST/STM32_USB_Host_Library/Core/Src/usbh_ioreq.o
                0x0800567c                USBH_CtlSendSetup
 .text.USBH_CtlSendData
                0x0800569e       0x2c Middlewares/ST/STM32_USB_Host_Library/Core/Src/usbh_ioreq.o
                0x0800569e                USBH_CtlSendData
 .text.USBH_CtlReceiveData
                0x080056ca       0x20 Middlewares/ST/STM32_USB_Host_Library/Core/Src/usbh_ioreq.o
                0x080056ca                USBH_CtlReceiveData
 .text.USBH_BulkSendData
                0x080056ea       0x2c Middlewares/ST/STM32_USB_Host_Library/Core/Src/usbh_ioreq.o
                0x080056ea                USBH_BulkSendData
 .text.USBH_BulkReceiveData
                0x08005716       0x20 Middlewares/ST/STM32_USB_Host_Library/Core/Src/usbh_ioreq.o
                0x08005716                USBH_BulkReceiveData
 .text.USBH_GetFreePipe
                0x08005736       0x26 Middlewares/ST/STM32_USB_Host_Library/Core/Src/usbh_pipes.o
 .text.USBH_OpenPipe
                0x0800575c       0x20 Middlewares/ST/STM32_USB_Host_Library/Core/Src/usbh_pipes.o
                0x0800575c                USBH_OpenPipe
 .text.USBH_ClosePipe
                0x0800577c        0xa Middlewares/ST/STM32_USB_Host_Library/Core/Src/usbh_pipes.o
                0x0800577c                USBH_ClosePipe
 .text.USBH_AllocPipe
                0x08005786       0x26 Middlewares/ST/STM32_USB_Host_Library/Core/Src/usbh_pipes.o
                0x08005786                USBH_AllocPipe
 .text.USBH_FreePipe
                0x080057ac       0x16 Middlewares/ST/STM32_USB_Host_Library/Core/Src/usbh_pipes.o
                0x080057ac                USBH_FreePipe
 *fill*         0x080057c2        0x2 
 .text.MX_ADC1_Init
                0x080057c4       0x8c Src/adc.o
                0x080057c4                MX_ADC1_Init
 .text.HAL_ADC_MspInit
                0x08005850       0xcc Src/adc.o
                0x08005850                HAL_ADC_MspInit
 .text.MX_DAC_Init
                0x0800591c       0x40 Src/dac.o
                0x0800591c                MX_DAC_Init
 .text.HAL_DAC_MspInit
                0x0800595c       0x68 Src/dac.o
                0x0800595c                HAL_DAC_MspInit
 .text.MX_DMA_Init
                0x080059c4       0x58 Src/dma.o
                0x080059c4                MX_DMA_Init
 .text.MX_GPIO_Init
                0x08005a1c      0x198 Src/gpio.o
                0x08005a1c                MX_GPIO_Init
 .text.MX_I2C1_Init
                0x08005bb4       0x3c Src/i2c.o
                0x08005bb4                MX_I2C1_Init
 .text.HAL_I2C_MspInit
                0x08005bf0       0x70 Src/i2c.o
                0x08005bf0                HAL_I2C_MspInit
 .text.MX_I2S3_Init
                0x08005c60       0x38 Src/i2s.o
                0x08005c60                MX_I2S3_Init
 .text.HAL_I2S_MspInit
                0x08005c98       0xe8 Src/i2s.o
                0x08005c98                HAL_I2S_MspInit
 .text.SystemClock_Config
                0x08005d80       0x98 Src/main.o
                0x08005d80                SystemClock_Config
 .text.ecris_char
                0x08005e18       0x20 Src/main.o
                0x08005e18                ecris_char
 .text.ecris_txt
                0x08005e38       0x1c Src/main.o
                0x08005e38                ecris_txt
 .text.lis_txt  0x08005e54       0x2c Src/main.o
                0x08005e54                lis_txt
 .text.read_string
                0x08005e80       0x4e Src/main.o
                0x08005e80                read_string
 *fill*         0x08005ece        0x2 
 .text.indexOfP
                0x08005ed0       0x1c Src/main.o
                0x08005ed0                indexOfP
 .text.charToMorse
                0x08005eec       0x24 Src/main.o
                0x08005eec                charToMorse
 .text.nbInstance
                0x08005f10       0x10 Src/main.o
                0x08005f10                nbInstance
 .text.morseToLight
                0x08005f20       0xb8 Src/main.o
                0x08005f20                morseToLight
 .text.wordToMorse
                0x08005fd8       0x2a Src/main.o
                0x08005fd8                wordToMorse
 *fill*         0x08006002        0x2 
 .text.main     0x08006004       0xf0 Src/main.o
                0x08006004                main
 .text.Error_Handler
                0x080060f4        0x2 Src/main.o
                0x080060f4                Error_Handler
 *fill*         0x080060f6        0x2 
 .text.MX_SPI1_Init
                0x080060f8       0x40 Src/spi.o
                0x080060f8                MX_SPI1_Init
 .text.HAL_SPI_MspInit
                0x08006138       0x6c Src/spi.o
                0x08006138                HAL_SPI_MspInit
 .text.HAL_MspInit
                0x080061a4       0x40 Src/stm32f4xx_hal_msp.o
                0x080061a4                HAL_MspInit
 .text.NMI_Handler
                0x080061e4        0x2 Src/stm32f4xx_it.o
                0x080061e4                NMI_Handler
 .text.HardFault_Handler
                0x080061e6        0x2 Src/stm32f4xx_it.o
                0x080061e6                HardFault_Handler
 .text.MemManage_Handler
                0x080061e8        0x2 Src/stm32f4xx_it.o
                0x080061e8                MemManage_Handler
 .text.BusFault_Handler
                0x080061ea        0x2 Src/stm32f4xx_it.o
                0x080061ea                BusFault_Handler
 .text.UsageFault_Handler
                0x080061ec        0x2 Src/stm32f4xx_it.o
                0x080061ec                UsageFault_Handler
 .text.SVC_Handler
                0x080061ee        0x2 Src/stm32f4xx_it.o
                0x080061ee                SVC_Handler
 .text.DebugMon_Handler
                0x080061f0        0x2 Src/stm32f4xx_it.o
                0x080061f0                DebugMon_Handler
 .text.PendSV_Handler
                0x080061f2        0x2 Src/stm32f4xx_it.o
                0x080061f2                PendSV_Handler
 .text.SysTick_Handler
                0x080061f4        0x8 Src/stm32f4xx_it.o
                0x080061f4                SysTick_Handler
 .text.DMA1_Stream5_IRQHandler
                0x080061fc       0x10 Src/stm32f4xx_it.o
                0x080061fc                DMA1_Stream5_IRQHandler
 .text.TIM2_IRQHandler
                0x0800620c        0x2 Src/stm32f4xx_it.o
                0x0800620c                TIM2_IRQHandler
 *fill*         0x0800620e        0x2 
 .text.DMA2_Stream0_IRQHandler
                0x08006210       0x10 Src/stm32f4xx_it.o
                0x08006210                DMA2_Stream0_IRQHandler
 .text.OTG_FS_IRQHandler
                0x08006220       0x10 Src/stm32f4xx_it.o
                0x08006220                OTG_FS_IRQHandler
 .text._sbrk    0x08006230       0x3c Src/syscalls.o
                0x08006230                _sbrk
 .text.SystemInit
                0x0800626c       0x1c Src/system_stm32f4xx.o
                0x0800626c                SystemInit
 .text.MX_TIM2_Init
                0x08006288       0x70 Src/tim.o
                0x08006288                MX_TIM2_Init
 .text.HAL_TIM_Base_MspInit
                0x080062f8       0x3c Src/tim.o
                0x080062f8                HAL_TIM_Base_MspInit
 .text.MX_USART2_UART_Init
                0x08006334       0x34 Src/usart.o
                0x08006334                MX_USART2_UART_Init
 .text.HAL_UART_MspInit
                0x08006368       0x70 Src/usart.o
                0x08006368                HAL_UART_MspInit
 .text.USBH_UserProcess
                0x080063d8       0x2c Src/usb_host.o
 .text.MX_USB_HOST_Init
                0x08006404       0x40 Src/usb_host.o
                0x08006404                MX_USB_HOST_Init
 .text.MX_USB_HOST_Process
                0x08006444       0x10 Src/usb_host.o
                0x08006444                MX_USB_HOST_Process
 .text.HAL_HCD_MspInit
                0x08006454       0x98 Src/usbh_conf.o
                0x08006454                HAL_HCD_MspInit
 .text.HAL_HCD_SOF_Callback
                0x080064ec        0xc Src/usbh_conf.o
                0x080064ec                HAL_HCD_SOF_Callback
 .text.HAL_HCD_Connect_Callback
                0x080064f8        0xc Src/usbh_conf.o
                0x080064f8                HAL_HCD_Connect_Callback
 .text.HAL_HCD_Disconnect_Callback
                0x08006504        0xc Src/usbh_conf.o
                0x08006504                HAL_HCD_Disconnect_Callback
 .text.HAL_HCD_HC_NotifyURBChange_Callback
                0x08006510        0x2 Src/usbh_conf.o
                0x08006510                HAL_HCD_HC_NotifyURBChange_Callback
 .text.HAL_HCD_PortEnabled_Callback
                0x08006512        0xc Src/usbh_conf.o
                0x08006512                HAL_HCD_PortEnabled_Callback
 .text.HAL_HCD_PortDisabled_Callback
                0x0800651e        0xc Src/usbh_conf.o
                0x0800651e                HAL_HCD_PortDisabled_Callback
 *fill*         0x0800652a        0x2 
 .text.USBH_LL_Init
                0x0800652c       0x54 Src/usbh_conf.o
                0x0800652c                USBH_LL_Init
 .text.USBH_LL_GetSpeed
                0x08006580       0x1c Src/usbh_conf.o
                0x08006580                USBH_LL_GetSpeed
 .text.USBH_LL_GetLastXferSize
                0x0800659c        0xc Src/usbh_conf.o
                0x0800659c                USBH_LL_GetLastXferSize
 .text.USBH_LL_GetURBState
                0x080065a8        0xc Src/usbh_conf.o
                0x080065a8                USBH_LL_GetURBState
 .text.USBH_LL_DriverVBUS
                0x080065b4       0x1c Src/usbh_conf.o
                0x080065b4                USBH_LL_DriverVBUS
 .text.USBH_LL_SetToggle
                0x080065d0       0x32 Src/usbh_conf.o
                0x080065d0                USBH_LL_SetToggle
 .text.USBH_Delay
                0x08006602        0x8 Src/usbh_conf.o
                0x08006602                USBH_Delay
 .text.USBH_Get_USB_Status
                0x0800660a       0x12 Src/usbh_conf.o
                0x0800660a                USBH_Get_USB_Status
 .text.USBH_LL_Start
                0x0800661c       0x10 Src/usbh_conf.o
                0x0800661c                USBH_LL_Start
 .text.USBH_LL_Stop
                0x0800662c       0x10 Src/usbh_conf.o
                0x0800662c                USBH_LL_Stop
 .text.USBH_LL_ResetPort
                0x0800663c       0x10 Src/usbh_conf.o
                0x0800663c                USBH_LL_ResetPort
 .text.USBH_LL_OpenPipe
                0x0800664c       0x26 Src/usbh_conf.o
                0x0800664c                USBH_LL_OpenPipe
 .text.USBH_LL_ClosePipe
                0x08006672       0x10 Src/usbh_conf.o
                0x08006672                USBH_LL_ClosePipe
 .text.USBH_LL_SubmitURB
                0x08006682       0x2a Src/usbh_conf.o
                0x08006682                USBH_LL_SubmitURB
 .text.MX_DriverVbusFS
                0x080066ac       0x18 Src/usbh_platform.o
                0x080066ac                MX_DriverVbusFS
 .text.write_register
                0x080066c4       0x24 Src/audio/MY_CS43L22.o
 .text.read_register
                0x080066e8       0x34 Src/audio/MY_CS43L22.o
 .text.CS43_Init
                0x0800671c      0x12c Src/audio/MY_CS43L22.o
                0x0800671c                CS43_Init
 .text.CS43_Enable_RightLeft
                0x08006848       0x44 Src/audio/MY_CS43L22.o
                0x08006848                CS43_Enable_RightLeft
 .text.CS43_SetVolume
                0x0800688c       0x5c Src/audio/MY_CS43L22.o
                0x0800688c                CS43_SetVolume
 .text.CS43_Start
                0x080068e8       0x6c Src/audio/MY_CS43L22.o
                0x080068e8                CS43_Start
 .text.Reset_Handler
                0x08006954       0x50 startup/startup_stm32f407xx.o
                0x08006954                Reset_Handler
 .text.Default_Handler
                0x080069a4        0x2 startup/startup_stm32f407xx.o
                0x080069a4                RTC_Alarm_IRQHandler
                0x080069a4                HASH_RNG_IRQHandler
                0x080069a4                EXTI2_IRQHandler
                0x080069a4                TIM8_CC_IRQHandler
                0x080069a4                TIM1_CC_IRQHandler
                0x080069a4                DMA2_Stream5_IRQHandler
                0x080069a4                PVD_IRQHandler
                0x080069a4                SDIO_IRQHandler
                0x080069a4                TAMP_STAMP_IRQHandler
                0x080069a4                CAN2_RX1_IRQHandler
                0x080069a4                EXTI3_IRQHandler
                0x080069a4                TIM8_TRG_COM_TIM14_IRQHandler
                0x080069a4                TIM1_UP_TIM10_IRQHandler
                0x080069a4                TIM8_UP_TIM13_IRQHandler
                0x080069a4                I2C3_ER_IRQHandler
                0x080069a4                EXTI0_IRQHandler
                0x080069a4                I2C2_EV_IRQHandler
                0x080069a4                DMA1_Stream2_IRQHandler
                0x080069a4                CAN1_RX0_IRQHandler
                0x080069a4                FPU_IRQHandler
                0x080069a4                OTG_HS_WKUP_IRQHandler
                0x080069a4                CAN2_SCE_IRQHandler
                0x080069a4                DMA2_Stream2_IRQHandler
                0x080069a4                SPI1_IRQHandler
                0x080069a4                TIM6_DAC_IRQHandler
                0x080069a4                TIM1_BRK_TIM9_IRQHandler
                0x080069a4                DCMI_IRQHandler
                0x080069a4                CAN2_RX0_IRQHandler
                0x080069a4                DMA2_Stream3_IRQHandler
                0x080069a4                USART6_IRQHandler
                0x080069a4                USART3_IRQHandler
                0x080069a4                CAN1_RX1_IRQHandler
                0x080069a4                UART5_IRQHandler
                0x080069a4                TIM4_IRQHandler
                0x080069a4                I2C1_EV_IRQHandler
                0x080069a4                DMA1_Stream6_IRQHandler
                0x080069a4                DMA1_Stream1_IRQHandler
                0x080069a4                UART4_IRQHandler
                0x080069a4                TIM3_IRQHandler
                0x080069a4                RCC_IRQHandler
                0x080069a4                TIM8_BRK_TIM12_IRQHandler
                0x080069a4                Default_Handler
                0x080069a4                EXTI15_10_IRQHandler
                0x080069a4                ADC_IRQHandler
                0x080069a4                DMA1_Stream7_IRQHandler
                0x080069a4                TIM7_IRQHandler
                0x080069a4                CAN2_TX_IRQHandler
                0x080069a4                TIM5_IRQHandler
                0x080069a4                DMA2_Stream7_IRQHandler
                0x080069a4                I2C3_EV_IRQHandler
                0x080069a4                EXTI9_5_IRQHandler
                0x080069a4                RTC_WKUP_IRQHandler
                0x080069a4                ETH_WKUP_IRQHandler
                0x080069a4                SPI2_IRQHandler
                0x080069a4                OTG_HS_EP1_IN_IRQHandler
                0x080069a4                DMA1_Stream0_IRQHandler
                0x080069a4                CAN1_TX_IRQHandler
                0x080069a4                EXTI4_IRQHandler
                0x080069a4                FSMC_IRQHandler
                0x080069a4                ETH_IRQHandler
                0x080069a4                OTG_HS_EP1_OUT_IRQHandler
                0x080069a4                WWDG_IRQHandler
                0x080069a4                OTG_FS_WKUP_IRQHandler
                0x080069a4                TIM1_TRG_COM_TIM11_IRQHandler
                0x080069a4                OTG_HS_IRQHandler
                0x080069a4                EXTI1_IRQHandler
                0x080069a4                USART2_IRQHandler
                0x080069a4                I2C2_ER_IRQHandler
                0x080069a4                DMA2_Stream1_IRQHandler
                0x080069a4                CAN1_SCE_IRQHandler
                0x080069a4                FLASH_IRQHandler
                0x080069a4                DMA2_Stream4_IRQHandler
                0x080069a4                USART1_IRQHandler
                0x080069a4                SPI3_IRQHandler
                0x080069a4                DMA1_Stream4_IRQHandler
                0x080069a4                I2C1_ER_IRQHandler
                0x080069a4                DMA2_Stream6_IRQHandler
                0x080069a4                DMA1_Stream3_IRQHandler
 *fill*         0x080069a6        0x2 
 .text.__errno  0x080069a8        0xc c:/ac6/systemworkbench/plugins/fr.ac6.mcu.externaltools.arm-none.win32_1.17.0.201812190825/tools/compiler/bin/../lib/gcc/arm-none-eabi/7.3.1/../../../../arm-none-eabi/lib/thumb/v7e-m/fpv4-sp/hard\libc_nano.a(lib_a-errno.o)
                0x080069a8                __errno
 .text.__libc_init_array
                0x080069b4       0x48 c:/ac6/systemworkbench/plugins/fr.ac6.mcu.externaltools.arm-none.win32_1.17.0.201812190825/tools/compiler/bin/../lib/gcc/arm-none-eabi/7.3.1/../../../../arm-none-eabi/lib/thumb/v7e-m/fpv4-sp/hard\libc_nano.a(lib_a-init.o)
                0x080069b4                __libc_init_array
 .text.malloc   0x080069fc       0x10 c:/ac6/systemworkbench/plugins/fr.ac6.mcu.externaltools.arm-none.win32_1.17.0.201812190825/tools/compiler/bin/../lib/gcc/arm-none-eabi/7.3.1/../../../../arm-none-eabi/lib/thumb/v7e-m/fpv4-sp/hard\libc_nano.a(lib_a-malloc.o)
                0x080069fc                malloc
 .text.free     0x08006a0c       0x10 c:/ac6/systemworkbench/plugins/fr.ac6.mcu.externaltools.arm-none.win32_1.17.0.201812190825/tools/compiler/bin/../lib/gcc/arm-none-eabi/7.3.1/../../../../arm-none-eabi/lib/thumb/v7e-m/fpv4-sp/hard\libc_nano.a(lib_a-malloc.o)
                0x08006a0c                free
 .text.memcpy   0x08006a1c       0x16 c:/ac6/systemworkbench/plugins/fr.ac6.mcu.externaltools.arm-none.win32_1.17.0.201812190825/tools/compiler/bin/../lib/gcc/arm-none-eabi/7.3.1/../../../../arm-none-eabi/lib/thumb/v7e-m/fpv4-sp/hard\libc_nano.a(lib_a-memcpy-stub.o)
                0x08006a1c                memcpy
 .text.memset   0x08006a32       0x10 c:/ac6/systemworkbench/plugins/fr.ac6.mcu.externaltools.arm-none.win32_1.17.0.201812190825/tools/compiler/bin/../lib/gcc/arm-none-eabi/7.3.1/../../../../arm-none-eabi/lib/thumb/v7e-m/fpv4-sp/hard\libc_nano.a(lib_a-memset.o)
                0x08006a32                memset
 *fill*         0x08006a42        0x2 
 .text._free_r  0x08006a44       0x9c c:/ac6/systemworkbench/plugins/fr.ac6.mcu.externaltools.arm-none.win32_1.17.0.201812190825/tools/compiler/bin/../lib/gcc/arm-none-eabi/7.3.1/../../../../arm-none-eabi/lib/thumb/v7e-m/fpv4-sp/hard\libc_nano.a(lib_a-nano-freer.o)
                0x08006a44                _free_r
 .text._malloc_r
                0x08006ae0       0xb4 c:/ac6/systemworkbench/plugins/fr.ac6.mcu.externaltools.arm-none.win32_1.17.0.201812190825/tools/compiler/bin/../lib/gcc/arm-none-eabi/7.3.1/../../../../arm-none-eabi/lib/thumb/v7e-m/fpv4-sp/hard\libc_nano.a(lib_a-nano-mallocr.o)
                0x08006ae0                _malloc_r
 .text._sbrk_r  0x08006b94       0x20 c:/ac6/systemworkbench/plugins/fr.ac6.mcu.externaltools.arm-none.win32_1.17.0.201812190825/tools/compiler/bin/../lib/gcc/arm-none-eabi/7.3.1/../../../../arm-none-eabi/lib/thumb/v7e-m/fpv4-sp/hard\libc_nano.a(lib_a-sbrkr.o)
                0x08006b94                _sbrk_r
 .text.sprintf  0x08006bb4       0x40 c:/ac6/systemworkbench/plugins/fr.ac6.mcu.externaltools.arm-none.win32_1.17.0.201812190825/tools/compiler/bin/../lib/gcc/arm-none-eabi/7.3.1/../../../../arm-none-eabi/lib/thumb/v7e-m/fpv4-sp/hard\libc_nano.a(lib_a-sprintf.o)
                0x08006bb4                siprintf
                0x08006bb4                sprintf
 .text.strcpy   0x08006bf4       0x10 c:/ac6/systemworkbench/plugins/fr.ac6.mcu.externaltools.arm-none.win32_1.17.0.201812190825/tools/compiler/bin/../lib/gcc/arm-none-eabi/7.3.1/../../../../arm-none-eabi/lib/thumb/v7e-m/fpv4-sp/hard\libc_nano.a(lib_a-strcpy.o)
                0x08006bf4                strcpy
 .text.__malloc_lock
                0x08006c04        0x2 c:/ac6/systemworkbench/plugins/fr.ac6.mcu.externaltools.arm-none.win32_1.17.0.201812190825/tools/compiler/bin/../lib/gcc/arm-none-eabi/7.3.1/../../../../arm-none-eabi/lib/thumb/v7e-m/fpv4-sp/hard\libc_nano.a(lib_a-mlock.o)
                0x08006c04                __malloc_lock
 .text.__malloc_unlock
                0x08006c06        0x2 c:/ac6/systemworkbench/plugins/fr.ac6.mcu.externaltools.arm-none.win32_1.17.0.201812190825/tools/compiler/bin/../lib/gcc/arm-none-eabi/7.3.1/../../../../arm-none-eabi/lib/thumb/v7e-m/fpv4-sp/hard\libc_nano.a(lib_a-mlock.o)
                0x08006c06                __malloc_unlock
 .text.__ssputs_r
                0x08006c08       0xb4 c:/ac6/systemworkbench/plugins/fr.ac6.mcu.externaltools.arm-none.win32_1.17.0.201812190825/tools/compiler/bin/../lib/gcc/arm-none-eabi/7.3.1/../../../../arm-none-eabi/lib/thumb/v7e-m/fpv4-sp/hard\libc_nano.a(lib_a-nano-svfprintf.o)
                0x08006c08                __ssputs_r
 .text._svfprintf_r
                0x08006cbc      0x1f0 c:/ac6/systemworkbench/plugins/fr.ac6.mcu.externaltools.arm-none.win32_1.17.0.201812190825/tools/compiler/bin/../lib/gcc/arm-none-eabi/7.3.1/../../../../arm-none-eabi/lib/thumb/v7e-m/fpv4-sp/hard\libc_nano.a(lib_a-nano-svfprintf.o)
                0x08006cbc                _svfiprintf_r
                0x08006cbc                _svfprintf_r
 .text._printf_common
                0x08006eac       0xea c:/ac6/systemworkbench/plugins/fr.ac6.mcu.externaltools.arm-none.win32_1.17.0.201812190825/tools/compiler/bin/../lib/gcc/arm-none-eabi/7.3.1/../../../../arm-none-eabi/lib/thumb/v7e-m/fpv4-sp/hard\libc_nano.a(lib_a-nano-vfprintf_i.o)
                0x08006eac                _printf_common
 *fill*         0x08006f96        0x2 
 .text._printf_i
                0x08006f98      0x224 c:/ac6/systemworkbench/plugins/fr.ac6.mcu.externaltools.arm-none.win32_1.17.0.201812190825/tools/compiler/bin/../lib/gcc/arm-none-eabi/7.3.1/../../../../arm-none-eabi/lib/thumb/v7e-m/fpv4-sp/hard\libc_nano.a(lib_a-nano-vfprintf_i.o)
                0x08006f98                _printf_i
 .text.memmove  0x080071bc       0x32 c:/ac6/systemworkbench/plugins/fr.ac6.mcu.externaltools.arm-none.win32_1.17.0.201812190825/tools/compiler/bin/../lib/gcc/arm-none-eabi/7.3.1/../../../../arm-none-eabi/lib/thumb/v7e-m/fpv4-sp/hard\libc_nano.a(lib_a-memmove.o)
                0x080071bc                memmove
 .text._realloc_r
                0x080071ee       0x4c c:/ac6/systemworkbench/plugins/fr.ac6.mcu.externaltools.arm-none.win32_1.17.0.201812190825/tools/compiler/bin/../lib/gcc/arm-none-eabi/7.3.1/../../../../arm-none-eabi/lib/thumb/v7e-m/fpv4-sp/hard\libc_nano.a(lib_a-nano-reallocr.o)
                0x080071ee                _realloc_r
 .text._malloc_usable_size_r
                0x0800723a       0x10 c:/ac6/systemworkbench/plugins/fr.ac6.mcu.externaltools.arm-none.win32_1.17.0.201812190825/tools/compiler/bin/../lib/gcc/arm-none-eabi/7.3.1/../../../../arm-none-eabi/lib/thumb/v7e-m/fpv4-sp/hard\libc_nano.a(lib_a-nano-msizer.o)
                0x0800723a                _malloc_usable_size_r
 *(.glue_7)
 .glue_7        0x0800724a        0x0 linker stubs
 *(.glue_7t)
 .glue_7t       0x0800724a        0x0 linker stubs
 *(.eh_frame)
 *fill*         0x0800724a        0x2 
 .eh_frame      0x0800724c        0x0 c:/ac6/systemworkbench/plugins/fr.ac6.mcu.externaltools.arm-none.win32_1.17.0.201812190825/tools/compiler/bin/../lib/gcc/arm-none-eabi/7.3.1/thumb/v7e-m/fpv4-sp/hard/crtbegin.o
 *(.init)
 .init          0x0800724c        0x4 c:/ac6/systemworkbench/plugins/fr.ac6.mcu.externaltools.arm-none.win32_1.17.0.201812190825/tools/compiler/bin/../lib/gcc/arm-none-eabi/7.3.1/thumb/v7e-m/fpv4-sp/hard/crti.o
                0x0800724c                _init
 .init          0x08007250        0x8 c:/ac6/systemworkbench/plugins/fr.ac6.mcu.externaltools.arm-none.win32_1.17.0.201812190825/tools/compiler/bin/../lib/gcc/arm-none-eabi/7.3.1/thumb/v7e-m/fpv4-sp/hard/crtn.o
 *(.fini)
 .fini          0x08007258        0x4 c:/ac6/systemworkbench/plugins/fr.ac6.mcu.externaltools.arm-none.win32_1.17.0.201812190825/tools/compiler/bin/../lib/gcc/arm-none-eabi/7.3.1/thumb/v7e-m/fpv4-sp/hard/crti.o
                0x08007258                _fini
 .fini          0x0800725c        0x8 c:/ac6/systemworkbench/plugins/fr.ac6.mcu.externaltools.arm-none.win32_1.17.0.201812190825/tools/compiler/bin/../lib/gcc/arm-none-eabi/7.3.1/thumb/v7e-m/fpv4-sp/hard/crtn.o
                0x08007264                . = ALIGN (0x4)
                0x08007264                _etext = .

.vfp11_veneer   0x08007264        0x0
 .vfp11_veneer  0x08007264        0x0 linker stubs

.v4_bx          0x08007264        0x0
 .v4_bx         0x08007264        0x0 linker stubs

.iplt           0x08007264        0x0
 .iplt          0x08007264        0x0 c:/ac6/systemworkbench/plugins/fr.ac6.mcu.externaltools.arm-none.win32_1.17.0.201812190825/tools/compiler/bin/../lib/gcc/arm-none-eabi/7.3.1/thumb/v7e-m/fpv4-sp/hard/crtbegin.o

.rodata         0x08007264       0xa0
                0x08007264                . = ALIGN (0x4)
 *(.rodata)
 .rodata        0x08007264        0x8 Drivers/STM32F4xx_HAL_Driver/Src/stm32f4xx_hal_dma.o
 .rodata        0x0800726c       0x1e Src/main.o
 *fill*         0x0800728a        0x2 
 .rodata        0x0800728c       0x18 Src/system_stm32f4xx.o
                0x0800728c                AHBPrescTable
                0x0800729c                APBPrescTable
 *(.rodata*)
 .rodata.str1.4
                0x080072a4        0x4 Middlewares/ST/STM32_USB_Host_Library/Class/CDC/Src/usbh_cdc.o
 .rodata.str1.4
                0x080072a8       0x28 Src/main.o
                                 0x26 (size before relaxing)
 .rodata._svfprintf_r.str1.1
                0x080072d0       0x11 c:/ac6/systemworkbench/plugins/fr.ac6.mcu.externaltools.arm-none.win32_1.17.0.201812190825/tools/compiler/bin/../lib/gcc/arm-none-eabi/7.3.1/../../../../arm-none-eabi/lib/thumb/v7e-m/fpv4-sp/hard\libc_nano.a(lib_a-nano-svfprintf.o)
 .rodata._printf_i.str1.1
                0x080072e1       0x22 c:/ac6/systemworkbench/plugins/fr.ac6.mcu.externaltools.arm-none.win32_1.17.0.201812190825/tools/compiler/bin/../lib/gcc/arm-none-eabi/7.3.1/../../../../arm-none-eabi/lib/thumb/v7e-m/fpv4-sp/hard\libc_nano.a(lib_a-nano-vfprintf_i.o)
                0x08007304                . = ALIGN (0x4)
 *fill*         0x08007303        0x1 

.ARM.extab
 *(.ARM.extab* .gnu.linkonce.armextab.*)

.ARM            0x08007304        0x8
                0x08007304                __exidx_start = .
 *(.ARM.exidx*)
 .ARM.exidx     0x08007304        0x8 c:/ac6/systemworkbench/plugins/fr.ac6.mcu.externaltools.arm-none.win32_1.17.0.201812190825/tools/compiler/bin/../lib/gcc/arm-none-eabi/7.3.1/thumb/v7e-m/fpv4-sp/hard\libgcc.a(_udivmoddi4.o)
                0x0800730c                __exidx_end = .

.rel.dyn        0x0800730c        0x0
 .rel.iplt      0x0800730c        0x0 c:/ac6/systemworkbench/plugins/fr.ac6.mcu.externaltools.arm-none.win32_1.17.0.201812190825/tools/compiler/bin/../lib/gcc/arm-none-eabi/7.3.1/thumb/v7e-m/fpv4-sp/hard/crtbegin.o

.preinit_array  0x0800730c        0x0
                0x0800730c                PROVIDE (__preinit_array_start = .)
 *(.preinit_array*)
                0x0800730c                PROVIDE (__preinit_array_end = .)

.init_array     0x0800730c        0x4
                0x0800730c                PROVIDE (__init_array_start = .)
 *(SORT_BY_NAME(.init_array.*))
 *(.init_array*)
 .init_array    0x0800730c        0x4 c:/ac6/systemworkbench/plugins/fr.ac6.mcu.externaltools.arm-none.win32_1.17.0.201812190825/tools/compiler/bin/../lib/gcc/arm-none-eabi/7.3.1/thumb/v7e-m/fpv4-sp/hard/crtbegin.o
                0x08007310                PROVIDE (__init_array_end = .)

.fini_array     0x08007310        0x4
                [!provide]                PROVIDE (__fini_array_start = .)
 *(SORT_BY_NAME(.fini_array.*))
 *(.fini_array*)
 .fini_array    0x08007310        0x4 c:/ac6/systemworkbench/plugins/fr.ac6.mcu.externaltools.arm-none.win32_1.17.0.201812190825/tools/compiler/bin/../lib/gcc/arm-none-eabi/7.3.1/thumb/v7e-m/fpv4-sp/hard/crtbegin.o
                [!provide]                PROVIDE (__fini_array_end = .)
                0x08007314                _sidata = LOADADDR (.data)

.data           0x20000000      0x18c load address 0x08007314
                0x20000000                . = ALIGN (0x4)
                0x20000000                _sdata = .
 *(.data)
 .data          0x20000000        0x8 Drivers/STM32F4xx_HAL_Driver/Src/stm32f4xx_hal.o
                0x20000000                uwTickFreq
                0x20000004                uwTickPrio
 .data          0x20000008       0x20 Middlewares/ST/STM32_USB_Host_Library/Class/CDC/Src/usbh_cdc.o
                0x20000008                CDC_Class
 .data          0x20000028       0xfc Src/main.o
                0x20000028                arrChar
                0x2000004c                arrMorse
 .data          0x20000124        0x4 Src/system_stm32f4xx.o
                0x20000124                SystemCoreClock
 *(.data*)
 .data._impure_ptr
                0x20000128        0x4 c:/ac6/systemworkbench/plugins/fr.ac6.mcu.externaltools.arm-none.win32_1.17.0.201812190825/tools/compiler/bin/../lib/gcc/arm-none-eabi/7.3.1/../../../../arm-none-eabi/lib/thumb/v7e-m/fpv4-sp/hard\libc_nano.a(lib_a-impure.o)
                0x20000128                _impure_ptr
 .data.impure_data
                0x2000012c       0x60 c:/ac6/systemworkbench/plugins/fr.ac6.mcu.externaltools.arm-none.win32_1.17.0.201812190825/tools/compiler/bin/../lib/gcc/arm-none-eabi/7.3.1/../../../../arm-none-eabi/lib/thumb/v7e-m/fpv4-sp/hard\libc_nano.a(lib_a-impure.o)
                0x2000018c                . = ALIGN (0x4)
                0x2000018c                _edata = .
                0x080074a0                _siccmram = LOADADDR (.ccmram)

.igot.plt       0x2000018c        0x0 load address 0x080074a0
 .igot.plt      0x2000018c        0x0 c:/ac6/systemworkbench/plugins/fr.ac6.mcu.externaltools.arm-none.win32_1.17.0.201812190825/tools/compiler/bin/../lib/gcc/arm-none-eabi/7.3.1/thumb/v7e-m/fpv4-sp/hard/crtbegin.o

.ccmram         0x10000000        0x0 load address 0x080074a0
                0x10000000                . = ALIGN (0x4)
                0x10000000                _sccmram = .
 *(.ccmram)
 *(.ccmram*)
                0x10000000                . = ALIGN (0x4)
                0x10000000                _eccmram = .
                0x10000000                . = ALIGN (0x4)

.bss            0x2000018c      0x9d4
                0x2000018c                _sbss = .
                0x2000018c                __bss_start__ = _sbss
 *(.bss)
 .bss           0x2000018c       0x1c c:/ac6/systemworkbench/plugins/fr.ac6.mcu.externaltools.arm-none.win32_1.17.0.201812190825/tools/compiler/bin/../lib/gcc/arm-none-eabi/7.3.1/thumb/v7e-m/fpv4-sp/hard/crtbegin.o
 .bss           0x200001a8        0x4 Drivers/STM32F4xx_HAL_Driver/Src/stm32f4xx_ll_usb.o
 .bss           0x200001ac        0x8 Src/syscalls.o
                0x200001b0                __env
 .bss           0x200001b4        0x1 Src/usb_host.o
                0x200001b4                Appli_state
 *fill*         0x200001b5        0x3 
 .bss           0x200001b8       0x58 Src/audio/MY_CS43L22.o
 *(.bss*)
 .bss.__malloc_free_list
                0x20000210        0x4 c:/ac6/systemworkbench/plugins/fr.ac6.mcu.externaltools.arm-none.win32_1.17.0.201812190825/tools/compiler/bin/../lib/gcc/arm-none-eabi/7.3.1/../../../../arm-none-eabi/lib/thumb/v7e-m/fpv4-sp/hard\libc_nano.a(lib_a-nano-mallocr.o)
                0x20000210                __malloc_free_list
 .bss.__malloc_sbrk_start
                0x20000214        0x4 c:/ac6/systemworkbench/plugins/fr.ac6.mcu.externaltools.arm-none.win32_1.17.0.201812190825/tools/compiler/bin/../lib/gcc/arm-none-eabi/7.3.1/../../../../arm-none-eabi/lib/thumb/v7e-m/fpv4-sp/hard\libc_nano.a(lib_a-nano-mallocr.o)
                0x20000214                __malloc_sbrk_start
 *(COMMON)
 COMMON         0x20000218        0x4 Drivers/STM32F4xx_HAL_Driver/Src/stm32f4xx_hal.o
                0x20000218                uwTick
 COMMON         0x2000021c       0xa8 Src/adc.o
                0x2000021c                hadc1
                0x20000264                hdma_adc1
 COMMON         0x200002c4       0x14 Src/dac.o
                0x200002c4                hdac
 COMMON         0x200002d8       0x54 Src/i2c.o
                0x200002d8                hi2c1
 COMMON         0x2000032c       0xa8 Src/i2s.o
                0x2000032c                hdma_spi3_tx
                0x2000038c                hi2s3
 COMMON         0x200003d4       0x11 Src/main.o
                0x200003d4                adcBuffer
                0x200003d6                vry
                0x200003d7                button
                0x200003d8                vrx
                0x200003dc                I2S_dummy
                0x200003e4                mode
 *fill*         0x200003e5        0x3 
 COMMON         0x200003e8       0x58 Src/spi.o
                0x200003e8                hspi1
 COMMON         0x20000440       0x40 Src/tim.o
                0x20000440                htim2
 COMMON         0x20000480       0x40 Src/usart.o
                0x20000480                huart2
 COMMON         0x200004c0      0x3d8 Src/usb_host.o
                0x200004c0                hUsbHostFS
 COMMON         0x20000898      0x2c4 Src/usbh_conf.o
                0x20000898                hhcd_USB_OTG_FS
 COMMON         0x20000b5c        0x4 c:/ac6/systemworkbench/plugins/fr.ac6.mcu.externaltools.arm-none.win32_1.17.0.201812190825/tools/compiler/bin/../lib/gcc/arm-none-eabi/7.3.1/../../../../arm-none-eabi/lib/thumb/v7e-m/fpv4-sp/hard\libc_nano.a(lib_a-reent.o)
                0x20000b5c                errno
                0x20000b60                . = ALIGN (0x4)
                0x20000b60                _ebss = .
                0x20000b60                __bss_end__ = _ebss

._user_heap_stack
                0x20000b60      0x600
                0x20000b60                . = ALIGN (0x8)
                0x20000b60                PROVIDE (end = .)
                [!provide]                PROVIDE (_end = .)
                0x20000d60                . = (. + _Min_Heap_Size)
 *fill*         0x20000b60      0x200 
                0x20001160                . = (. + _Min_Stack_Size)
 *fill*         0x20000d60      0x400 
                0x20001160                . = ALIGN (0x8)

/DISCARD/
 libc.a(*)
 libm.a(*)
 libgcc.a(*)

.ARM.attributes
                0x00000000       0x30
 *(.ARM.attributes)
 .ARM.attributes
                0x00000000       0x22 c:/ac6/systemworkbench/plugins/fr.ac6.mcu.externaltools.arm-none.win32_1.17.0.201812190825/tools/compiler/bin/../lib/gcc/arm-none-eabi/7.3.1/thumb/v7e-m/fpv4-sp/hard/crti.o
 .ARM.attributes
                0x00000022       0x34 c:/ac6/systemworkbench/plugins/fr.ac6.mcu.externaltools.arm-none.win32_1.17.0.201812190825/tools/compiler/bin/../lib/gcc/arm-none-eabi/7.3.1/thumb/v7e-m/fpv4-sp/hard/crtbegin.o
 .ARM.attributes
                0x00000056       0x39 Drivers/STM32F4xx_HAL_Driver/Src/stm32f4xx_hal.o
 .ARM.attributes
                0x0000008f       0x39 Drivers/STM32F4xx_HAL_Driver/Src/stm32f4xx_hal_adc.o
 .ARM.attributes
                0x000000c8       0x39 Drivers/STM32F4xx_HAL_Driver/Src/stm32f4xx_hal_cortex.o
 .ARM.attributes
                0x00000101       0x39 Drivers/STM32F4xx_HAL_Driver/Src/stm32f4xx_hal_dac.o
 .ARM.attributes
                0x0000013a       0x39 Drivers/STM32F4xx_HAL_Driver/Src/stm32f4xx_hal_dma.o
 .ARM.attributes
                0x00000173       0x39 Drivers/STM32F4xx_HAL_Driver/Src/stm32f4xx_hal_gpio.o
 .ARM.attributes
                0x000001ac       0x39 Drivers/STM32F4xx_HAL_Driver/Src/stm32f4xx_hal_hcd.o
 .ARM.attributes
                0x000001e5       0x39 Drivers/STM32F4xx_HAL_Driver/Src/stm32f4xx_hal_i2c.o
 .ARM.attributes
                0x0000021e       0x39 Drivers/STM32F4xx_HAL_Driver/Src/stm32f4xx_hal_i2s.o
 .ARM.attributes
                0x00000257       0x39 Drivers/STM32F4xx_HAL_Driver/Src/stm32f4xx_hal_i2s_ex.o
 .ARM.attributes
                0x00000290       0x39 Drivers/STM32F4xx_HAL_Driver/Src/stm32f4xx_hal_rcc.o
 .ARM.attributes
                0x000002c9       0x39 Drivers/STM32F4xx_HAL_Driver/Src/stm32f4xx_hal_rcc_ex.o
 .ARM.attributes
                0x00000302       0x39 Drivers/STM32F4xx_HAL_Driver/Src/stm32f4xx_hal_spi.o
 .ARM.attributes
                0x0000033b       0x39 Drivers/STM32F4xx_HAL_Driver/Src/stm32f4xx_hal_tim.o
 .ARM.attributes
                0x00000374       0x39 Drivers/STM32F4xx_HAL_Driver/Src/stm32f4xx_hal_tim_ex.o
 .ARM.attributes
                0x000003ad       0x39 Drivers/STM32F4xx_HAL_Driver/Src/stm32f4xx_hal_uart.o
 .ARM.attributes
                0x000003e6       0x39 Drivers/STM32F4xx_HAL_Driver/Src/stm32f4xx_ll_usb.o
 .ARM.attributes
                0x0000041f       0x39 Middlewares/ST/STM32_USB_Host_Library/Class/CDC/Src/usbh_cdc.o
 .ARM.attributes
                0x00000458       0x39 Middlewares/ST/STM32_USB_Host_Library/Core/Src/usbh_core.o
 .ARM.attributes
                0x00000491       0x39 Middlewares/ST/STM32_USB_Host_Library/Core/Src/usbh_ctlreq.o
 .ARM.attributes
                0x000004ca       0x39 Middlewares/ST/STM32_USB_Host_Library/Core/Src/usbh_ioreq.o
 .ARM.attributes
                0x00000503       0x39 Middlewares/ST/STM32_USB_Host_Library/Core/Src/usbh_pipes.o
 .ARM.attributes
                0x0000053c       0x39 Src/adc.o
 .ARM.attributes
                0x00000575       0x39 Src/dac.o
 .ARM.attributes
                0x000005ae       0x39 Src/dma.o
 .ARM.attributes
                0x000005e7       0x39 Src/gpio.o
 .ARM.attributes
                0x00000620       0x39 Src/i2c.o
 .ARM.attributes
                0x00000659       0x39 Src/i2s.o
 .ARM.attributes
                0x00000692       0x39 Src/main.o
 .ARM.attributes
                0x000006cb       0x39 Src/spi.o
 .ARM.attributes
                0x00000704       0x39 Src/stm32f4xx_hal_msp.o
 .ARM.attributes
                0x0000073d       0x39 Src/stm32f4xx_it.o
 .ARM.attributes
                0x00000776       0x39 Src/syscalls.o
 .ARM.attributes
                0x000007af       0x39 Src/system_stm32f4xx.o
 .ARM.attributes
                0x000007e8       0x39 Src/tim.o
 .ARM.attributes
                0x00000821       0x39 Src/usart.o
 .ARM.attributes
                0x0000085a       0x39 Src/usb_host.o
 .ARM.attributes
                0x00000893       0x39 Src/usbh_conf.o
 .ARM.attributes
                0x000008cc       0x39 Src/usbh_platform.o
 .ARM.attributes
                0x00000905       0x39 Src/audio/MY_CS43L22.o
 .ARM.attributes
                0x0000093e       0x21 startup/startup_stm32f407xx.o
 .ARM.attributes
                0x0000095f       0x22 c:/ac6/systemworkbench/plugins/fr.ac6.mcu.externaltools.arm-none.win32_1.17.0.201812190825/tools/compiler/bin/../lib/gcc/arm-none-eabi/7.3.1/thumb/v7e-m/fpv4-sp/hard\libgcc.a(_aeabi_uldivmod.o)
 .ARM.attributes
                0x00000981       0x34 c:/ac6/systemworkbench/plugins/fr.ac6.mcu.externaltools.arm-none.win32_1.17.0.201812190825/tools/compiler/bin/../lib/gcc/arm-none-eabi/7.3.1/thumb/v7e-m/fpv4-sp/hard\libgcc.a(_udivmoddi4.o)
 .ARM.attributes
                0x000009b5       0x22 c:/ac6/systemworkbench/plugins/fr.ac6.mcu.externaltools.arm-none.win32_1.17.0.201812190825/tools/compiler/bin/../lib/gcc/arm-none-eabi/7.3.1/thumb/v7e-m/fpv4-sp/hard\libgcc.a(_dvmd_tls.o)
 .ARM.attributes
                0x000009d7       0x34 c:/ac6/systemworkbench/plugins/fr.ac6.mcu.externaltools.arm-none.win32_1.17.0.201812190825/tools/compiler/bin/../lib/gcc/arm-none-eabi/7.3.1/../../../../arm-none-eabi/lib/thumb/v7e-m/fpv4-sp/hard\libc_nano.a(lib_a-errno.o)
 .ARM.attributes
                0x00000a0b       0x34 c:/ac6/systemworkbench/plugins/fr.ac6.mcu.externaltools.arm-none.win32_1.17.0.201812190825/tools/compiler/bin/../lib/gcc/arm-none-eabi/7.3.1/../../../../arm-none-eabi/lib/thumb/v7e-m/fpv4-sp/hard\libc_nano.a(lib_a-impure.o)
 .ARM.attributes
                0x00000a3f       0x34 c:/ac6/systemworkbench/plugins/fr.ac6.mcu.externaltools.arm-none.win32_1.17.0.201812190825/tools/compiler/bin/../lib/gcc/arm-none-eabi/7.3.1/../../../../arm-none-eabi/lib/thumb/v7e-m/fpv4-sp/hard\libc_nano.a(lib_a-init.o)
 .ARM.attributes
                0x00000a73       0x34 c:/ac6/systemworkbench/plugins/fr.ac6.mcu.externaltools.arm-none.win32_1.17.0.201812190825/tools/compiler/bin/../lib/gcc/arm-none-eabi/7.3.1/../../../../arm-none-eabi/lib/thumb/v7e-m/fpv4-sp/hard\libc_nano.a(lib_a-malloc.o)
 .ARM.attributes
                0x00000aa7       0x34 c:/ac6/systemworkbench/plugins/fr.ac6.mcu.externaltools.arm-none.win32_1.17.0.201812190825/tools/compiler/bin/../lib/gcc/arm-none-eabi/7.3.1/../../../../arm-none-eabi/lib/thumb/v7e-m/fpv4-sp/hard\libc_nano.a(lib_a-memcpy-stub.o)
 .ARM.attributes
                0x00000adb       0x34 c:/ac6/systemworkbench/plugins/fr.ac6.mcu.externaltools.arm-none.win32_1.17.0.201812190825/tools/compiler/bin/../lib/gcc/arm-none-eabi/7.3.1/../../../../arm-none-eabi/lib/thumb/v7e-m/fpv4-sp/hard\libc_nano.a(lib_a-memset.o)
 .ARM.attributes
                0x00000b0f       0x34 c:/ac6/systemworkbench/plugins/fr.ac6.mcu.externaltools.arm-none.win32_1.17.0.201812190825/tools/compiler/bin/../lib/gcc/arm-none-eabi/7.3.1/../../../../arm-none-eabi/lib/thumb/v7e-m/fpv4-sp/hard\libc_nano.a(lib_a-nano-freer.o)
 .ARM.attributes
                0x00000b43       0x34 c:/ac6/systemworkbench/plugins/fr.ac6.mcu.externaltools.arm-none.win32_1.17.0.201812190825/tools/compiler/bin/../lib/gcc/arm-none-eabi/7.3.1/../../../../arm-none-eabi/lib/thumb/v7e-m/fpv4-sp/hard\libc_nano.a(lib_a-nano-mallocr.o)
 .ARM.attributes
                0x00000b77       0x34 c:/ac6/systemworkbench/plugins/fr.ac6.mcu.externaltools.arm-none.win32_1.17.0.201812190825/tools/compiler/bin/../lib/gcc/arm-none-eabi/7.3.1/../../../../arm-none-eabi/lib/thumb/v7e-m/fpv4-sp/hard\libc_nano.a(lib_a-sbrkr.o)
 .ARM.attributes
                0x00000bab       0x34 c:/ac6/systemworkbench/plugins/fr.ac6.mcu.externaltools.arm-none.win32_1.17.0.201812190825/tools/compiler/bin/../lib/gcc/arm-none-eabi/7.3.1/../../../../arm-none-eabi/lib/thumb/v7e-m/fpv4-sp/hard\libc_nano.a(lib_a-sprintf.o)
 .ARM.attributes
                0x00000bdf       0x34 c:/ac6/systemworkbench/plugins/fr.ac6.mcu.externaltools.arm-none.win32_1.17.0.201812190825/tools/compiler/bin/../lib/gcc/arm-none-eabi/7.3.1/../../../../arm-none-eabi/lib/thumb/v7e-m/fpv4-sp/hard\libc_nano.a(lib_a-strcpy.o)
 .ARM.attributes
                0x00000c13       0x1b c:/ac6/systemworkbench/plugins/fr.ac6.mcu.externaltools.arm-none.win32_1.17.0.201812190825/tools/compiler/bin/../lib/gcc/arm-none-eabi/7.3.1/../../../../arm-none-eabi/lib/thumb/v7e-m/fpv4-sp/hard\libc_nano.a(lib_a-strlen.o)
 .ARM.attributes
                0x00000c2e       0x34 c:/ac6/systemworkbench/plugins/fr.ac6.mcu.externaltools.arm-none.win32_1.17.0.201812190825/tools/compiler/bin/../lib/gcc/arm-none-eabi/7.3.1/../../../../arm-none-eabi/lib/thumb/v7e-m/fpv4-sp/hard\libc_nano.a(lib_a-mlock.o)
 .ARM.attributes
                0x00000c62       0x34 c:/ac6/systemworkbench/plugins/fr.ac6.mcu.externaltools.arm-none.win32_1.17.0.201812190825/tools/compiler/bin/../lib/gcc/arm-none-eabi/7.3.1/../../../../arm-none-eabi/lib/thumb/v7e-m/fpv4-sp/hard\libc_nano.a(lib_a-nano-svfprintf.o)
 .ARM.attributes
                0x00000c96       0x34 c:/ac6/systemworkbench/plugins/fr.ac6.mcu.externaltools.arm-none.win32_1.17.0.201812190825/tools/compiler/bin/../lib/gcc/arm-none-eabi/7.3.1/../../../../arm-none-eabi/lib/thumb/v7e-m/fpv4-sp/hard\libc_nano.a(lib_a-nano-vfprintf_i.o)
 .ARM.attributes
                0x00000cca       0x34 c:/ac6/systemworkbench/plugins/fr.ac6.mcu.externaltools.arm-none.win32_1.17.0.201812190825/tools/compiler/bin/../lib/gcc/arm-none-eabi/7.3.1/../../../../arm-none-eabi/lib/thumb/v7e-m/fpv4-sp/hard\libc_nano.a(lib_a-reent.o)
 .ARM.attributes
                0x00000cfe       0x20 c:/ac6/systemworkbench/plugins/fr.ac6.mcu.externaltools.arm-none.win32_1.17.0.201812190825/tools/compiler/bin/../lib/gcc/arm-none-eabi/7.3.1/../../../../arm-none-eabi/lib/thumb/v7e-m/fpv4-sp/hard\libc_nano.a(lib_a-memchr.o)
 .ARM.attributes
                0x00000d1e       0x34 c:/ac6/systemworkbench/plugins/fr.ac6.mcu.externaltools.arm-none.win32_1.17.0.201812190825/tools/compiler/bin/../lib/gcc/arm-none-eabi/7.3.1/../../../../arm-none-eabi/lib/thumb/v7e-m/fpv4-sp/hard\libc_nano.a(lib_a-memmove.o)
 .ARM.attributes
                0x00000d52       0x34 c:/ac6/systemworkbench/plugins/fr.ac6.mcu.externaltools.arm-none.win32_1.17.0.201812190825/tools/compiler/bin/../lib/gcc/arm-none-eabi/7.3.1/../../../../arm-none-eabi/lib/thumb/v7e-m/fpv4-sp/hard\libc_nano.a(lib_a-nano-reallocr.o)
 .ARM.attributes
                0x00000d86       0x34 c:/ac6/systemworkbench/plugins/fr.ac6.mcu.externaltools.arm-none.win32_1.17.0.201812190825/tools/compiler/bin/../lib/gcc/arm-none-eabi/7.3.1/../../../../arm-none-eabi/lib/thumb/v7e-m/fpv4-sp/hard\libc_nano.a(lib_a-nano-msizer.o)
 .ARM.attributes
                0x00000dba       0x22 c:/ac6/systemworkbench/plugins/fr.ac6.mcu.externaltools.arm-none.win32_1.17.0.201812190825/tools/compiler/bin/../lib/gcc/arm-none-eabi/7.3.1/thumb/v7e-m/fpv4-sp/hard/crtn.o
OUTPUT(21_F407Disco_Audio_Joystick_dma.elf elf32-littlearm)

.debug_info     0x00000000    0x2cd37
 .debug_info    0x00000000      0x9f1 Drivers/STM32F4xx_HAL_Driver/Src/stm32f4xx_hal.o
 .debug_info    0x000009f1      0xe13 Drivers/STM32F4xx_HAL_Driver/Src/stm32f4xx_hal_adc.o
 .debug_info    0x00001804      0xf8c Drivers/STM32F4xx_HAL_Driver/Src/stm32f4xx_hal_cortex.o
 .debug_info    0x00002790      0xb27 Drivers/STM32F4xx_HAL_Driver/Src/stm32f4xx_hal_dac.o
 .debug_info    0x000032b7      0xaad Drivers/STM32F4xx_HAL_Driver/Src/stm32f4xx_hal_dma.o
 .debug_info    0x00003d64      0x7c2 Drivers/STM32F4xx_HAL_Driver/Src/stm32f4xx_hal_gpio.o
 .debug_info    0x00004526     0x130a Drivers/STM32F4xx_HAL_Driver/Src/stm32f4xx_hal_hcd.o
 .debug_info    0x00005830     0x33da Drivers/STM32F4xx_HAL_Driver/Src/stm32f4xx_hal_i2c.o
 .debug_info    0x00008c0a     0x10d1 Drivers/STM32F4xx_HAL_Driver/Src/stm32f4xx_hal_i2s.o
 .debug_info    0x00009cdb      0xdeb Drivers/STM32F4xx_HAL_Driver/Src/stm32f4xx_hal_i2s_ex.o
 .debug_info    0x0000aac6      0xa94 Drivers/STM32F4xx_HAL_Driver/Src/stm32f4xx_hal_rcc.o
 .debug_info    0x0000b55a      0x6b5 Drivers/STM32F4xx_HAL_Driver/Src/stm32f4xx_hal_rcc_ex.o
 .debug_info    0x0000bc0f     0x1bfb Drivers/STM32F4xx_HAL_Driver/Src/stm32f4xx_hal_spi.o
 .debug_info    0x0000d80a     0x31db Drivers/STM32F4xx_HAL_Driver/Src/stm32f4xx_hal_tim.o
 .debug_info    0x000109e5     0x14e9 Drivers/STM32F4xx_HAL_Driver/Src/stm32f4xx_hal_tim_ex.o
 .debug_info    0x00011ece     0x171d Drivers/STM32F4xx_HAL_Driver/Src/stm32f4xx_hal_uart.o
 .debug_info    0x000135eb     0x1b51 Drivers/STM32F4xx_HAL_Driver/Src/stm32f4xx_ll_usb.o
 .debug_info    0x0001513c     0x1f09 Middlewares/ST/STM32_USB_Host_Library/Class/CDC/Src/usbh_cdc.o
 .debug_info    0x00017045     0x1ca6 Middlewares/ST/STM32_USB_Host_Library/Core/Src/usbh_core.o
 .debug_info    0x00018ceb     0x1ae8 Middlewares/ST/STM32_USB_Host_Library/Core/Src/usbh_ctlreq.o
 .debug_info    0x0001a7d3     0x16fb Middlewares/ST/STM32_USB_Host_Library/Core/Src/usbh_ioreq.o
 .debug_info    0x0001bece     0x13a3 Middlewares/ST/STM32_USB_Host_Library/Core/Src/usbh_pipes.o
 .debug_info    0x0001d271      0xb6f Src/adc.o
 .debug_info    0x0001dde0      0x9b6 Src/dac.o
 .debug_info    0x0001e796      0x608 Src/dma.o
 .debug_info    0x0001ed9e      0x684 Src/gpio.o
 .debug_info    0x0001f422      0xa7b Src/i2c.o
 .debug_info    0x0001fe9d      0xac8 Src/i2s.o
 .debug_info    0x00020965     0x2a0f Src/main.o
 .debug_info    0x00023374      0xa41 Src/spi.o
 .debug_info    0x00023db5      0x385 Src/stm32f4xx_hal_msp.o
 .debug_info    0x0002413a     0x163d Src/stm32f4xx_it.o
 .debug_info    0x00025777      0xfd3 Src/syscalls.o
 .debug_info    0x0002674a      0x559 Src/system_stm32f4xx.o
 .debug_info    0x00026ca3      0xc4b Src/tim.o
 .debug_info    0x000278ee      0x9d3 Src/usart.o
 .debug_info    0x000282c1     0x1345 Src/usb_host.o
 .debug_info    0x00029606     0x2587 Src/usbh_conf.o
 .debug_info    0x0002bb8d      0x2a3 Src/usbh_platform.o
 .debug_info    0x0002be30      0xee5 Src/audio/MY_CS43L22.o
 .debug_info    0x0002cd15       0x22 startup/startup_stm32f407xx.o

.debug_abbrev   0x00000000     0x5b2f
 .debug_abbrev  0x00000000      0x1ed Drivers/STM32F4xx_HAL_Driver/Src/stm32f4xx_hal.o
 .debug_abbrev  0x000001ed      0x242 Drivers/STM32F4xx_HAL_Driver/Src/stm32f4xx_hal_adc.o
 .debug_abbrev  0x0000042f      0x328 Drivers/STM32F4xx_HAL_Driver/Src/stm32f4xx_hal_cortex.o
 .debug_abbrev  0x00000757      0x203 Drivers/STM32F4xx_HAL_Driver/Src/stm32f4xx_hal_dac.o
 .debug_abbrev  0x0000095a      0x290 Drivers/STM32F4xx_HAL_Driver/Src/stm32f4xx_hal_dma.o
 .debug_abbrev  0x00000bea      0x1e7 Drivers/STM32F4xx_HAL_Driver/Src/stm32f4xx_hal_gpio.o
 .debug_abbrev  0x00000dd1      0x27f Drivers/STM32F4xx_HAL_Driver/Src/stm32f4xx_hal_hcd.o
 .debug_abbrev  0x00001050      0x275 Drivers/STM32F4xx_HAL_Driver/Src/stm32f4xx_hal_i2c.o
 .debug_abbrev  0x000012c5      0x243 Drivers/STM32F4xx_HAL_Driver/Src/stm32f4xx_hal_i2s.o
 .debug_abbrev  0x00001508      0x281 Drivers/STM32F4xx_HAL_Driver/Src/stm32f4xx_hal_i2s_ex.o
 .debug_abbrev  0x00001789      0x273 Drivers/STM32F4xx_HAL_Driver/Src/stm32f4xx_hal_rcc.o
 .debug_abbrev  0x000019fc      0x179 Drivers/STM32F4xx_HAL_Driver/Src/stm32f4xx_hal_rcc_ex.o
 .debug_abbrev  0x00001b75      0x249 Drivers/STM32F4xx_HAL_Driver/Src/stm32f4xx_hal_spi.o
 .debug_abbrev  0x00001dbe      0x226 Drivers/STM32F4xx_HAL_Driver/Src/stm32f4xx_hal_tim.o
 .debug_abbrev  0x00001fe4      0x237 Drivers/STM32F4xx_HAL_Driver/Src/stm32f4xx_hal_tim_ex.o
 .debug_abbrev  0x0000221b      0x288 Drivers/STM32F4xx_HAL_Driver/Src/stm32f4xx_hal_uart.o
 .debug_abbrev  0x000024a3      0x2a8 Drivers/STM32F4xx_HAL_Driver/Src/stm32f4xx_ll_usb.o
 .debug_abbrev  0x0000274b      0x359 Middlewares/ST/STM32_USB_Host_Library/Class/CDC/Src/usbh_cdc.o
 .debug_abbrev  0x00002aa4      0x382 Middlewares/ST/STM32_USB_Host_Library/Core/Src/usbh_core.o
 .debug_abbrev  0x00002e26      0x363 Middlewares/ST/STM32_USB_Host_Library/Core/Src/usbh_ctlreq.o
 .debug_abbrev  0x00003189      0x292 Middlewares/ST/STM32_USB_Host_Library/Core/Src/usbh_ioreq.o
 .debug_abbrev  0x0000341b      0x2cc Middlewares/ST/STM32_USB_Host_Library/Core/Src/usbh_pipes.o
 .debug_abbrev  0x000036e7      0x1cf Src/adc.o
 .debug_abbrev  0x000038b6      0x1c9 Src/dac.o
 .debug_abbrev  0x00003a7f      0x140 Src/dma.o
 .debug_abbrev  0x00003bbf      0x162 Src/gpio.o
 .debug_abbrev  0x00003d21      0x1c9 Src/i2c.o
 .debug_abbrev  0x00003eea      0x1cf Src/i2s.o
 .debug_abbrev  0x000040b9      0x3c4 Src/main.o
 .debug_abbrev  0x0000447d      0x1c9 Src/spi.o
 .debug_abbrev  0x00004646      0x12a Src/stm32f4xx_hal_msp.o
 .debug_abbrev  0x00004770      0x2b5 Src/stm32f4xx_it.o
 .debug_abbrev  0x00004a25      0x2d4 Src/syscalls.o
 .debug_abbrev  0x00004cf9      0x12b Src/system_stm32f4xx.o
 .debug_abbrev  0x00004e24      0x1d4 Src/tim.o
 .debug_abbrev  0x00004ff8      0x1c9 Src/usart.o
 .debug_abbrev  0x000051c1      0x2b5 Src/usb_host.o
 .debug_abbrev  0x00005476      0x38a Src/usbh_conf.o
 .debug_abbrev  0x00005800      0x12e Src/usbh_platform.o
 .debug_abbrev  0x0000592e      0x1ef Src/audio/MY_CS43L22.o
 .debug_abbrev  0x00005b1d       0x12 startup/startup_stm32f407xx.o

.debug_loc      0x00000000    0x15764
 .debug_loc     0x00000000      0x11b Drivers/STM32F4xx_HAL_Driver/Src/stm32f4xx_hal.o
 .debug_loc     0x0000011b      0x9b4 Drivers/STM32F4xx_HAL_Driver/Src/stm32f4xx_hal_adc.o
 .debug_loc     0x00000acf      0x5ce Drivers/STM32F4xx_HAL_Driver/Src/stm32f4xx_hal_cortex.o
 .debug_loc     0x0000109d      0x756 Drivers/STM32F4xx_HAL_Driver/Src/stm32f4xx_hal_dac.o
 .debug_loc     0x000017f3      0xb4e Drivers/STM32F4xx_HAL_Driver/Src/stm32f4xx_hal_dma.o
 .debug_loc     0x00002341      0x476 Drivers/STM32F4xx_HAL_Driver/Src/stm32f4xx_hal_gpio.o
 .debug_loc     0x000027b7      0xbf9 Drivers/STM32F4xx_HAL_Driver/Src/stm32f4xx_hal_hcd.o
 .debug_loc     0x000033b0     0x37ae Drivers/STM32F4xx_HAL_Driver/Src/stm32f4xx_hal_i2c.o
 .debug_loc     0x00006b5e      0xcf8 Drivers/STM32F4xx_HAL_Driver/Src/stm32f4xx_hal_i2s.o
 .debug_loc     0x00007856      0xa81 Drivers/STM32F4xx_HAL_Driver/Src/stm32f4xx_hal_i2s_ex.o
 .debug_loc     0x000082d7      0x40f Drivers/STM32F4xx_HAL_Driver/Src/stm32f4xx_hal_rcc.o
 .debug_loc     0x000086e6      0x2c7 Drivers/STM32F4xx_HAL_Driver/Src/stm32f4xx_hal_rcc_ex.o
 .debug_loc     0x000089ad     0x1a09 Drivers/STM32F4xx_HAL_Driver/Src/stm32f4xx_hal_spi.o
 .debug_loc     0x0000a3b6     0x3888 Drivers/STM32F4xx_HAL_Driver/Src/stm32f4xx_hal_tim.o
 .debug_loc     0x0000dc3e     0x11a0 Drivers/STM32F4xx_HAL_Driver/Src/stm32f4xx_hal_tim_ex.o
 .debug_loc     0x0000edde     0x1599 Drivers/STM32F4xx_HAL_Driver/Src/stm32f4xx_hal_uart.o
 .debug_loc     0x00010377     0x1eca Drivers/STM32F4xx_HAL_Driver/Src/stm32f4xx_ll_usb.o
 .debug_loc     0x00012241      0x612 Middlewares/ST/STM32_USB_Host_Library/Class/CDC/Src/usbh_cdc.o
 .debug_loc     0x00012853      0x84c Middlewares/ST/STM32_USB_Host_Library/Core/Src/usbh_core.o
 .debug_loc     0x0001309f      0xbc3 Middlewares/ST/STM32_USB_Host_Library/Core/Src/usbh_ctlreq.o
 .debug_loc     0x00013c62      0x50f Middlewares/ST/STM32_USB_Host_Library/Core/Src/usbh_ioreq.o
 .debug_loc     0x00014171      0x1be Middlewares/ST/STM32_USB_Host_Library/Core/Src/usbh_pipes.o
 .debug_loc     0x0001432f       0x63 Src/adc.o
 .debug_loc     0x00014392       0x74 Src/dac.o
 .debug_loc     0x00014406       0x5b Src/i2c.o
 .debug_loc     0x00014461       0x63 Src/i2s.o
 .debug_loc     0x000144c4      0x2a8 Src/main.o
 .debug_loc     0x0001476c       0x74 Src/spi.o
 .debug_loc     0x000147e0      0x3af Src/syscalls.o
 .debug_loc     0x00014b8f      0x13e Src/system_stm32f4xx.o
 .debug_loc     0x00014ccd       0x5b Src/tim.o
 .debug_loc     0x00014d28       0x74 Src/usart.o
 .debug_loc     0x00014d9c      0x817 Src/usbh_conf.o
 .debug_loc     0x000155b3       0x55 Src/usbh_platform.o
 .debug_loc     0x00015608      0x15c Src/audio/MY_CS43L22.o

.debug_aranges  0x00000000     0x1c20
 .debug_aranges
                0x00000000       0xf0 Drivers/STM32F4xx_HAL_Driver/Src/stm32f4xx_hal.o
 .debug_aranges
                0x000000f0       0xe8 Drivers/STM32F4xx_HAL_Driver/Src/stm32f4xx_hal_adc.o
 .debug_aranges
                0x000001d8       0xa8 Drivers/STM32F4xx_HAL_Driver/Src/stm32f4xx_hal_cortex.o
 .debug_aranges
                0x00000280       0xc0 Drivers/STM32F4xx_HAL_Driver/Src/stm32f4xx_hal_dac.o
 .debug_aranges
                0x00000340       0x90 Drivers/STM32F4xx_HAL_Driver/Src/stm32f4xx_hal_dma.o
 .debug_aranges
                0x000003d0       0x58 Drivers/STM32F4xx_HAL_Driver/Src/stm32f4xx_hal_gpio.o
 .debug_aranges
                0x00000428       0xf8 Drivers/STM32F4xx_HAL_Driver/Src/stm32f4xx_hal_hcd.o
 .debug_aranges
                0x00000520      0x2a0 Drivers/STM32F4xx_HAL_Driver/Src/stm32f4xx_hal_i2c.o
 .debug_aranges
                0x000007c0      0x108 Drivers/STM32F4xx_HAL_Driver/Src/stm32f4xx_hal_i2s.o
 .debug_aranges
                0x000008c8       0x88 Drivers/STM32F4xx_HAL_Driver/Src/stm32f4xx_hal_i2s_ex.o
 .debug_aranges
                0x00000950       0x88 Drivers/STM32F4xx_HAL_Driver/Src/stm32f4xx_hal_rcc.o
 .debug_aranges
                0x000009d8       0x48 Drivers/STM32F4xx_HAL_Driver/Src/stm32f4xx_hal_rcc_ex.o
 .debug_aranges
                0x00000a20      0x1d0 Drivers/STM32F4xx_HAL_Driver/Src/stm32f4xx_hal_spi.o
 .debug_aranges
                0x00000bf0      0x3a8 Drivers/STM32F4xx_HAL_Driver/Src/stm32f4xx_hal_tim.o
 .debug_aranges
                0x00000f98      0x150 Drivers/STM32F4xx_HAL_Driver/Src/stm32f4xx_hal_tim_ex.o
 .debug_aranges
                0x000010e8      0x1d0 Drivers/STM32F4xx_HAL_Driver/Src/stm32f4xx_hal_uart.o
 .debug_aranges
                0x000012b8      0x198 Drivers/STM32F4xx_HAL_Driver/Src/stm32f4xx_ll_usb.o
 .debug_aranges
                0x00001450       0xa8 Middlewares/ST/STM32_USB_Host_Library/Class/CDC/Src/usbh_cdc.o
 .debug_aranges
                0x000014f8       0xc0 Middlewares/ST/STM32_USB_Host_Library/Core/Src/usbh_core.o
 .debug_aranges
                0x000015b8       0xa0 Middlewares/ST/STM32_USB_Host_Library/Core/Src/usbh_ctlreq.o
 .debug_aranges
                0x00001658       0x60 Middlewares/ST/STM32_USB_Host_Library/Core/Src/usbh_ioreq.o
 .debug_aranges
                0x000016b8       0x40 Middlewares/ST/STM32_USB_Host_Library/Core/Src/usbh_pipes.o
 .debug_aranges
                0x000016f8       0x30 Src/adc.o
 .debug_aranges
                0x00001728       0x30 Src/dac.o
 .debug_aranges
                0x00001758       0x20 Src/dma.o
 .debug_aranges
                0x00001778       0x20 Src/gpio.o
 .debug_aranges
                0x00001798       0x30 Src/i2c.o
 .debug_aranges
                0x000017c8       0x30 Src/i2s.o
 .debug_aranges
                0x000017f8       0x80 Src/main.o
 .debug_aranges
                0x00001878       0x30 Src/spi.o
 .debug_aranges
                0x000018a8       0x20 Src/stm32f4xx_hal_msp.o
 .debug_aranges
                0x000018c8       0x80 Src/stm32f4xx_it.o
 .debug_aranges
                0x00001948       0xb0 Src/syscalls.o
 .debug_aranges
                0x000019f8       0x28 Src/system_stm32f4xx.o
 .debug_aranges
                0x00001a20       0x30 Src/tim.o
 .debug_aranges
                0x00001a50       0x30 Src/usart.o
 .debug_aranges
                0x00001a80       0x30 Src/usb_host.o
 .debug_aranges
                0x00001ab0       0xd8 Src/usbh_conf.o
 .debug_aranges
                0x00001b88       0x20 Src/usbh_platform.o
 .debug_aranges
                0x00001ba8       0x50 Src/audio/MY_CS43L22.o
 .debug_aranges
                0x00001bf8       0x28 startup/startup_stm32f407xx.o

.debug_ranges   0x00000000     0x1a90
 .debug_ranges  0x00000000       0xe0 Drivers/STM32F4xx_HAL_Driver/Src/stm32f4xx_hal.o
 .debug_ranges  0x000000e0       0xd8 Drivers/STM32F4xx_HAL_Driver/Src/stm32f4xx_hal_adc.o
 .debug_ranges  0x000001b8       0xf8 Drivers/STM32F4xx_HAL_Driver/Src/stm32f4xx_hal_cortex.o
 .debug_ranges  0x000002b0       0xb0 Drivers/STM32F4xx_HAL_Driver/Src/stm32f4xx_hal_dac.o
 .debug_ranges  0x00000360       0x80 Drivers/STM32F4xx_HAL_Driver/Src/stm32f4xx_hal_dma.o
 .debug_ranges  0x000003e0       0x48 Drivers/STM32F4xx_HAL_Driver/Src/stm32f4xx_hal_gpio.o
 .debug_ranges  0x00000428       0xe8 Drivers/STM32F4xx_HAL_Driver/Src/stm32f4xx_hal_hcd.o
 .debug_ranges  0x00000510      0x2b0 Drivers/STM32F4xx_HAL_Driver/Src/stm32f4xx_hal_i2c.o
 .debug_ranges  0x000007c0      0x128 Drivers/STM32F4xx_HAL_Driver/Src/stm32f4xx_hal_i2s.o
 .debug_ranges  0x000008e8       0x90 Drivers/STM32F4xx_HAL_Driver/Src/stm32f4xx_hal_i2s_ex.o
 .debug_ranges  0x00000978       0x90 Drivers/STM32F4xx_HAL_Driver/Src/stm32f4xx_hal_rcc.o
 .debug_ranges  0x00000a08       0x38 Drivers/STM32F4xx_HAL_Driver/Src/stm32f4xx_hal_rcc_ex.o
 .debug_ranges  0x00000a40      0x1c0 Drivers/STM32F4xx_HAL_Driver/Src/stm32f4xx_hal_spi.o
 .debug_ranges  0x00000c00      0x398 Drivers/STM32F4xx_HAL_Driver/Src/stm32f4xx_hal_tim.o
 .debug_ranges  0x00000f98      0x140 Drivers/STM32F4xx_HAL_Driver/Src/stm32f4xx_hal_tim_ex.o
 .debug_ranges  0x000010d8      0x1c0 Drivers/STM32F4xx_HAL_Driver/Src/stm32f4xx_hal_uart.o
 .debug_ranges  0x00001298      0x188 Drivers/STM32F4xx_HAL_Driver/Src/stm32f4xx_ll_usb.o
 .debug_ranges  0x00001420       0x98 Middlewares/ST/STM32_USB_Host_Library/Class/CDC/Src/usbh_cdc.o